
 Start         Length     Name                   Class
 0001:00000000 00057E84H .text                   CODE
 0002:00000000 0000167CH .data                   DATA
 0002:0000167C 00001229H .bss                    BSS


Detailed map of segments

 0001:00000000 00004BAF C=CODE     S=.text    G=(none)   M=System   ACBP=A9
 0001:00004BB0 00000140 C=CODE     S=.text    G=(none)   M=SysInit  ACBP=A9
 0001:00004CF0 00000078 C=CODE     S=.text    G=(none)   M=Types    ACBP=A9
 0001:00004D68 00000C5C C=CODE     S=.text    G=(none)   M=Windows  ACBP=A9
 0001:000059C4 00000038 C=CODE     S=.text    G=(none)   M=Messages ACBP=A9
 0001:000059FC 00000310 C=CODE     S=.text    G=(none)   M=SysConst ACBP=A9
 0001:00005D0C 000064F8 C=CODE     S=.text    G=(none)   M=SysUtils ACBP=A9
 0001:0000C204 000007FB C=CODE     S=.text    G=(none)   M=VarUtils ACBP=A9
 0001:0000CA00 00002A42 C=CODE     S=.text    G=(none)   M=Variants ACBP=A9
 0001:0000F444 00000120 C=CODE     S=.text    G=(none)   M=RTLConsts ACBP=A9
 0001:0000F564 000007E8 C=CODE     S=.text    G=(none)   M=TypInfo  ACBP=A9
 0001:0000FD4C 00000038 C=CODE     S=.text    G=(none)   M=ActiveX  ACBP=A9
 0001:0000FD84 000097B2 C=CODE     S=.text    G=(none)   M=Classes  ACBP=A9
 0001:00019538 000002A8 C=CODE     S=.text    G=(none)   M=Consts   ACBP=A9
 0001:000197E0 000072BB C=CODE     S=.text    G=(none)   M=Graphics ACBP=A9
 0001:00020A9C 00000048 C=CODE     S=.text    G=(none)   M=Math     ACBP=A9
 0001:00020AE4 000002B8 C=CODE     S=.text    G=(none)   M=Contnrs  ACBP=A9
 0001:00020D9C 000000F4 C=CODE     S=.text    G=(none)   M=CommCtrl ACBP=A9
 0001:00020E90 00000787 C=CODE     S=.text    G=(none)   M=MultiMon ACBP=A9
 0001:00021618 00000038 C=CODE     S=.text    G=(none)   M=Imm      ACBP=A9
 0001:00021650 00000FF8 C=CODE     S=.text    G=(none)   M=HelpIntfs ACBP=A9
 0001:00022648 00000038 C=CODE     S=.text    G=(none)   M=WinSpool ACBP=A9
 0001:00022680 00000044 C=CODE     S=.text    G=(none)   M=Printers ACBP=A9
 0001:000226C4 0000031F C=CODE     S=.text    G=(none)   M=FlatSB   ACBP=A9
 0001:000229E4 000001A4 C=CODE     S=.text    G=(none)   M=SyncObjs ACBP=A9
 0001:00022B88 000009BB C=CODE     S=.text    G=(none)   M=UxTheme  ACBP=A9
 0001:00023544 00000038 C=CODE     S=.text    G=(none)   M=RichEdit ACBP=A9
 0001:0002357C 00000038 C=CODE     S=.text    G=(none)   M=ToolWin  ACBP=A9
 0001:000235B4 00000040 C=CODE     S=.text    G=(none)   M=ShellAPI ACBP=A9
 0001:000235F4 00000038 C=CODE     S=.text    G=(none)   M=RegStr   ACBP=A9
 0001:0002362C 00000038 C=CODE     S=.text    G=(none)   M=WinInet  ACBP=A9
 0001:00023664 00000038 C=CODE     S=.text    G=(none)   M=UrlMon   ACBP=A9
 0001:0002369C 0000006C C=CODE     S=.text    G=(none)   M=ShlObj   ACBP=A9
 0001:00023708 00000040 C=CODE     S=.text    G=(none)   M=CommDlg  ACBP=A9
 0001:00023748 00000038 C=CODE     S=.text    G=(none)   M=Dlgs     ACBP=A9
 0001:00023780 000016A9 C=CODE     S=.text    G=(none)   M=Dialogs  ACBP=A9
 0001:00024E2C 000018C6 C=CODE     S=.text    G=(none)   M=ExtCtrls ACBP=A9
 0001:000266F4 00000038 C=CODE     S=.text    G=(none)   M=ComStrs  ACBP=A9
 0001:0002672C 00000094 C=CODE     S=.text    G=(none)   M=Clipbrd  ACBP=A9
 0001:000267C0 000000BC C=CODE     S=.text    G=(none)   M=StrUtils ACBP=A9
 0001:0002687C 000000F5 C=CODE     S=.text    G=(none)   M=Buttons  ACBP=A9
 0001:00026974 00000038 C=CODE     S=.text    G=(none)   M=ExtDlgs  ACBP=A9
 0001:000269AC 00000068 C=CODE     S=.text    G=(none)   M=IniFiles ACBP=A9
 0001:00026A14 00000068 C=CODE     S=.text    G=(none)   M=Registry ACBP=A9
 0001:00026A7C 0000006C C=CODE     S=.text    G=(none)   M=Mapi     ACBP=A9
 0001:00026AE8 00000058 C=CODE     S=.text    G=(none)   M=ExtActns ACBP=A9
 0001:00026B40 00000038 C=CODE     S=.text    G=(none)   M=ListActns ACBP=A9
 0001:00026B78 00000180 C=CODE     S=.text    G=(none)   M=ComCtrls ACBP=A9
 0001:00026CF8 00000A0C C=CODE     S=.text    G=(none)   M=Themes   ACBP=A9
 0001:00027704 00006AE0 C=CODE     S=.text    G=(none)   M=StdCtrls ACBP=A9
 0001:0002E1E4 00000168 C=CODE     S=.text    G=(none)   M=StdActns ACBP=A9
 0001:0002E34C 00000D1F C=CODE     S=.text    G=(none)   M=WinHelpViewer ACBP=A9
 0001:0002F06C 00010E97 C=CODE     S=.text    G=(none)   M=Controls ACBP=A9
 0001:0003FF04 00001292 C=CODE     S=.text    G=(none)   M=ActnList ACBP=A9
 0001:00041198 000016E4 C=CODE     S=.text    G=(none)   M=ImgList  ACBP=A9
 0001:0004287C 00006639 C=CODE     S=.text    G=(none)   M=Menus    ACBP=A9
 0001:00048EB8 0000C498 C=CODE     S=.text    G=(none)   M=Forms    ACBP=A9
 0001:00055350 00000E70 C=CODE     S=.text    G=(none)   M=DES      ACBP=A9
 0001:000561C0 00000B04 C=CODE     S=.text    G=(none)   M=MD5Unit  ACBP=A9
 0001:00056CC4 00000038 C=CODE     S=.text    G=(none)   M=ImageHlp ACBP=A9
 0001:00056CFC 00000EFC C=CODE     S=.text    G=(none)   M=FrmMain  ACBP=A9
 0001:00057BF8 0000028C C=CODE     S=.text    G=(none)   M=StriptECode ACBP=A9
 0002:00000000 0000009C C=DATA     S=.data    G=DGROUP   M=System   ACBP=A9
 0002:0000009C 00000020 C=DATA     S=.data    G=DGROUP   M=SysInit  ACBP=A9
 0002:000000BC 00000254 C=DATA     S=.data    G=DGROUP   M=SysUtils ACBP=A9
 0002:00000310 00000008 C=DATA     S=.data    G=DGROUP   M=VarUtils ACBP=A9
 0002:00000318 0000008E C=DATA     S=.data    G=DGROUP   M=Variants ACBP=A9
 0002:000003A8 0000000C C=DATA     S=.data    G=DGROUP   M=TypInfo  ACBP=A9
 0002:000003B4 00000064 C=DATA     S=.data    G=DGROUP   M=Classes  ACBP=A9
 0002:00000418 00000304 C=DATA     S=.data    G=DGROUP   M=Graphics ACBP=A9
 0002:0000071C 00000004 C=DATA     S=.data    G=DGROUP   M=Printers ACBP=A9
 0002:00000720 000000D4 C=DATA     S=.data    G=DGROUP   M=Dialogs  ACBP=A9
 0002:000007F4 0000018C C=DATA     S=.data    G=DGROUP   M=ExtCtrls ACBP=A9
 0002:00000980 0000002C C=DATA     S=.data    G=DGROUP   M=Buttons  ACBP=A9
 0002:000009AC 00000008 C=DATA     S=.data    G=DGROUP   M=IniFiles ACBP=A9
 0002:000009B4 00000008 C=DATA     S=.data    G=DGROUP   M=Registry ACBP=A9
 0002:000009BC 00000008 C=DATA     S=.data    G=DGROUP   M=Mapi     ACBP=A9
 0002:000009C4 00000018 C=DATA     S=.data    G=DGROUP   M=ComCtrls ACBP=A9
 0002:000009DC 00000068 C=DATA     S=.data    G=DGROUP   M=Themes   ACBP=A9
 0002:00000A44 000000B0 C=DATA     S=.data    G=DGROUP   M=StdCtrls ACBP=A9
 0002:00000AF4 0000013C C=DATA     S=.data    G=DGROUP   M=Controls ACBP=A9
 0002:00000C30 00000020 C=DATA     S=.data    G=DGROUP   M=ImgList  ACBP=A9
 0002:00000C50 000000EC C=DATA     S=.data    G=DGROUP   M=Menus    ACBP=A9
 0002:00000D3C 0000011C C=DATA     S=.data    G=DGROUP   M=Forms    ACBP=A9
 0002:00000E58 000003D8 C=DATA     S=.data    G=DGROUP   M=DES      ACBP=A9
 0002:00001230 00000050 C=DATA     S=.data    G=DGROUP   M=MD5Unit  ACBP=A9
 0002:00002000 00000660 C=BSS      S=.bss     G=DGROUP   M=System   ACBP=A9
 0002:00002660 00000010 C=BSS      S=.bss     G=DGROUP   M=SysInit  ACBP=A9
 0002:00002670 00000004 C=BSS      S=.bss     G=DGROUP   M=Types    ACBP=A9
 0002:00002674 00000004 C=BSS      S=.bss     G=DGROUP   M=Windows  ACBP=A9
 0002:00002678 00000004 C=BSS      S=.bss     G=DGROUP   M=Messages ACBP=A9
 0002:0000267C 00000004 C=BSS      S=.bss     G=DGROUP   M=SysConst ACBP=A9
 0002:00002680 00000120 C=BSS      S=.bss     G=DGROUP   M=SysUtils ACBP=A9
 0002:000027A0 0000005C C=BSS      S=.bss     G=DGROUP   M=VarUtils ACBP=A9
 0002:000027FC 00000040 C=BSS      S=.bss     G=DGROUP   M=Variants ACBP=A9
 0002:0000283C 00000004 C=BSS      S=.bss     G=DGROUP   M=RTLConsts ACBP=A9
 0002:00002840 00000004 C=BSS      S=.bss     G=DGROUP   M=TypInfo  ACBP=A9
 0002:00002844 00000004 C=BSS      S=.bss     G=DGROUP   M=ActiveX  ACBP=A9
 0002:00002848 00000040 C=BSS      S=.bss     G=DGROUP   M=Classes  ACBP=A9
 0002:00002888 00000004 C=BSS      S=.bss     G=DGROUP   M=Consts   ACBP=A9
 0002:0000288C 00000060 C=BSS      S=.bss     G=DGROUP   M=Graphics ACBP=A9
 0002:000028EC 00000004 C=BSS      S=.bss     G=DGROUP   M=Math     ACBP=A9
 0002:000028F0 00000004 C=BSS      S=.bss     G=DGROUP   M=Contnrs  ACBP=A9
 0002:000028F4 00000004 C=BSS      S=.bss     G=DGROUP   M=CommCtrl ACBP=A9
 0002:000028F8 00000031 C=BSS      S=.bss     G=DGROUP   M=MultiMon ACBP=A9
 0002:0000292C 00000004 C=BSS      S=.bss     G=DGROUP   M=Imm      ACBP=A9
 0002:00002930 00000008 C=BSS      S=.bss     G=DGROUP   M=HelpIntfs ACBP=A9
 0002:00002938 00000004 C=BSS      S=.bss     G=DGROUP   M=WinSpool ACBP=A9
 0002:0000293C 00000004 C=BSS      S=.bss     G=DGROUP   M=Printers ACBP=A9
 0002:00002940 00000034 C=BSS      S=.bss     G=DGROUP   M=FlatSB   ACBP=A9
 0002:00002974 00000004 C=BSS      S=.bss     G=DGROUP   M=SyncObjs ACBP=A9
 0002:00002978 000000CC C=BSS      S=.bss     G=DGROUP   M=UxTheme  ACBP=A9
 0002:00002A44 00000004 C=BSS      S=.bss     G=DGROUP   M=RichEdit ACBP=A9
 0002:00002A48 00000004 C=BSS      S=.bss     G=DGROUP   M=ToolWin  ACBP=A9
 0002:00002A4C 00000004 C=BSS      S=.bss     G=DGROUP   M=ShellAPI ACBP=A9
 0002:00002A50 00000004 C=BSS      S=.bss     G=DGROUP   M=RegStr   ACBP=A9
 0002:00002A54 00000004 C=BSS      S=.bss     G=DGROUP   M=WinInet  ACBP=A9
 0002:00002A58 00000004 C=BSS      S=.bss     G=DGROUP   M=UrlMon   ACBP=A9
 0002:00002A5C 00000004 C=BSS      S=.bss     G=DGROUP   M=ShlObj   ACBP=A9
 0002:00002A60 00000004 C=BSS      S=.bss     G=DGROUP   M=CommDlg  ACBP=A9
 0002:00002A64 00000004 C=BSS      S=.bss     G=DGROUP   M=Dlgs     ACBP=A9
 0002:00002A68 0000000C C=BSS      S=.bss     G=DGROUP   M=Dialogs  ACBP=A9
 0002:00002A74 00000004 C=BSS      S=.bss     G=DGROUP   M=ExtCtrls ACBP=A9
 0002:00002A78 00000004 C=BSS      S=.bss     G=DGROUP   M=ComStrs  ACBP=A9
 0002:00002A7C 0000000C C=BSS      S=.bss     G=DGROUP   M=Clipbrd  ACBP=A9
 0002:00002A88 00000004 C=BSS      S=.bss     G=DGROUP   M=StrUtils ACBP=A9
 0002:00002A8C 00000030 C=BSS      S=.bss     G=DGROUP   M=Buttons  ACBP=A9
 0002:00002ABC 00000004 C=BSS      S=.bss     G=DGROUP   M=ExtDlgs  ACBP=A9
 0002:00002AC0 00000004 C=BSS      S=.bss     G=DGROUP   M=IniFiles ACBP=A9
 0002:00002AC4 00000004 C=BSS      S=.bss     G=DGROUP   M=Registry ACBP=A9
 0002:00002AC8 00000004 C=BSS      S=.bss     G=DGROUP   M=Mapi     ACBP=A9
 0002:00002ACC 00000009 C=BSS      S=.bss     G=DGROUP   M=ExtActns ACBP=A9
 0002:00002AD8 00000004 C=BSS      S=.bss     G=DGROUP   M=ListActns ACBP=A9
 0002:00002ADC 00000010 C=BSS      S=.bss     G=DGROUP   M=ComCtrls ACBP=A9
 0002:00002AEC 00000008 C=BSS      S=.bss     G=DGROUP   M=Themes   ACBP=A9
 0002:00002AF4 00000004 C=BSS      S=.bss     G=DGROUP   M=StdCtrls ACBP=A9
 0002:00002AF8 00000004 C=BSS      S=.bss     G=DGROUP   M=StdActns ACBP=A9
 0002:00002AFC 00000014 C=BSS      S=.bss     G=DGROUP   M=WinHelpViewer ACBP=A9
 0002:00002B10 00000080 C=BSS      S=.bss     G=DGROUP   M=Controls ACBP=A9
 0002:00002B90 00000004 C=BSS      S=.bss     G=DGROUP   M=ActnList ACBP=A9
 0002:00002B94 0000000C C=BSS      S=.bss     G=DGROUP   M=ImgList  ACBP=A9
 0002:00002BA0 00000010 C=BSS      S=.bss     G=DGROUP   M=Menus    ACBP=A9
 0002:00002BB0 00000020 C=BSS      S=.bss     G=DGROUP   M=Forms    ACBP=A9
 0002:00002BD0 00000644 C=BSS      S=.bss     G=DGROUP   M=DES      ACBP=A9
 0002:00003214 00000004 C=BSS      S=.bss     G=DGROUP   M=MD5Unit  ACBP=A9
 0002:00003218 00000004 C=BSS      S=.bss     G=DGROUP   M=ImageHlp ACBP=A9
 0002:0000321C 0000000C C=BSS      S=.bss     G=DGROUP   M=FrmMain  ACBP=A9


  Address         Publics by Name

 0002:0000283C       .1
 0002:000028F4       .1
 0002:00002B04       .1
 0002:00003214       .1
 0002:00002918       .1
 0002:0000292C       .1
 0002:00002A88       .1
 0002:00003210       .1
 0002:00002888       .1
 0002:00002960       .1
 0002:00002670       .1
 0002:0000267C       .1
 0002:00002A78       .1
 0002:00002678       .1
 0002:00002A64       .1
 0002:00002A34       .1
 0002:00002A44       .1
 0002:00002668       .1
 0002:00002A4C       .1
 0002:00002A50       .1
 0002:00002A54       .1
 0002:00003218       .1
 0002:00002A58       .1
 0002:00002A5C       .1
 0002:00002AC8       .1
 0002:00002A60       .1
 0002:00002A68       .11
 0002:00002890       .12
 0002:00002A74       .12
 0002:00002930       .2
 0002:00003224       .2
 0002:00002A80       .2
 0002:000028EC       .2
 0002:00002AEC       .2
 0002:000028F0       .21
 0002:00002B94       .3
 0002:00002844       .3
 0002:00002674       .3
 0002:00002938       .3
 0002:0000293C       .3
 0002:00002ABC       .3
 0002:00002790       .35
 0002:00002ADC       .36
 0002:00002A48       .4
 0002:00002A8C       .4
 0002:00002BB8       .41
 0002:00002AF4       .42
 0002:00002854       .45
 0002:00002AC4       .5
 0002:000027F8       .5
 0002:000025B8       .5
 0002:00002840       .6
 0002:00002974       .6
 0002:00002B18       .72
 0002:00002ACC       .72
 0002:00002AF8       .73
 0002:00002AD8       .8
 0002:00002B90       .8
 0002:00002AC0       .8
 0002:0000281C       .81
 0002:00002BA8       .9
 0001:000019C8       @AbstractError
 0001:000024E8       @AfterConstruction
 0001:00002334       @AsClass
 0001:00001B30       @AStrCmp
 0001:000024F8       @BeforeDestruction
 0001:00002380       @CallDynaInst
 0001:00002490       @ClassCreate
 0001:000024E0       @ClassDestroy
 0001:00001A38       @Close
 0001:00001864       @Copy
 0001:00003B64       @CopyArray
 0001:00003A48       @CopyRecord
 0001:00003C58       @DispCallByIDError
 0001:0000D4A0       @DispInvokeError
 0001:00002974       @DoneExcept
 0001:00003E88       @DynArrayAsg
 0001:00003E4C       @DynArrayClear
 0001:00003C8C       @DynArrayHigh
 0001:00003C84       @DynArrayLength
 0001:00003E40       @DynArraySetLength
 0001:00002A5C       @ExceptionHandler
 0001:00001BA0       @FillChar
 0001:00003A24       @Finalize
 0001:00003938       @FinalizeArray
 0001:000038EC       @FinalizeRecord
 0001:000020C0       @FpuInit
 0001:00001FFC       @FpuMaskInit
 0001:000016EC       @FreeMem
 0001:000016CC       @GetMem
 0001:00004C28       @GetTls
 0001:00002EA4       @Halt
 0001:00002DCC       @Halt0
 0001:0000260C       @HandleAnyException
 0001:000028C0       @HandleFinally
 0001:00002738       @HandleOnException
 0001:00004C74       @InitExe
 0001:00003858       @InitializeArray
 0001:00003828       @InitializeRecord
 0001:00002C90       @InitImports
 0001:00002C68       @InitResStringImports
 0001:00002C44       @InitResStrings
 0001:0000456C       @IntfAddRef
 0001:0000453C       @IntfCast
 0001:000044F8       @IntfClear
 0001:00004510       @IntfCopy
 0001:00002310       @IsClass
 0001:00001FCC       @isNECWindows
 0001:000018A8       @LGetDir
 0001:0000336C       @LStrAddRef
 0001:00002EE0       @LStrArrayClr
 0001:00002F10       @LStrAsg
 0001:00003184       @LStrCat
 0001:000031C8       @LStrCat3
 0001:0000323C       @LStrCatN
 0001:00002EBC       @LStrClr
 0001:000032C8       @LStrCmp
 0001:000033DC       @LStrCopy
 0001:0000341C       @LStrDelete
 0001:0000312C       @LStrFromArray
 0001:000030A4       @LStrFromChar
 0001:000030B4       @LStrFromPChar
 0001:00002FAC       @LStrFromPCharLen
 0001:000030E4       @LStrFromPWChar
 0001:00003018       @LStrFromPWCharLen
 0001:00003120       @LStrFromString
 0001:00003144       @LStrFromWStr
 0001:00003464       @LStrInsert
 0001:00002F54       @LStrLAsg
 0001:0000317C       @LStrLen
 0001:000034C0       @LStrPos
 0001:00003508       @LStrSetLength
 0001:0000337C       @LStrToPChar
 0001:00003158       @LStrToString
 0001:00002F80       @NewAnsiString
 0001:00003574       @NewWideString
 0001:00001CE0       @Pow10
 0001:00001AAC       @PStrCmp
 0001:00001A90       @PStrNCpy
 0001:00002920       @RaiseAgain
 0001:000028F8       @RaiseExcept
 0001:0000170C       @ReallocMem
 0001:00001998       @ROUND
 0001:00002EB0       @RunError
 0001:00001CC4       @SetEq
 0001:00002C04       @StartExe
 0001:000002A4       @strlen
 0001:000019A4       @TRUNC
 0001:000029A4       @TryFinallyExit
 0001:000033D4       @UniqueStringA
 0001:00001BC0       @ValLong
 0001:0000EB98       @VarAddRef
 0001:0000D78C       @VarClear
 0001:0000D7A0       @VarClr
 0001:00003920       @VarClr
 0001:00003A30       @VarCopy
 0001:0000DAB4       @VarCopy
 0001:0000EAD0       @VarFromBool
 0001:0000EB20       @VarFromCurr
 0001:0000EA68       @VarFromInt
 0001:0000EAA4       @VarFromInt64
 0001:0000EB34       @VarFromLStr
 0001:0000EAF8       @VarFromReal
 0001:0000EB0C       @VarFromTDateTime
 0001:0000EB60       @VarFromWStr
 0001:0000D4F4       @VarNull
 0001:0000DDE0       @VarToLStr
 0001:0000E508       @VarToWStr
 0001:000035B4       @WStrArrayClr
 0001:000035D8       @WStrAsg
 0001:0000359C       @WStrClr
 0001:00003714       @WStrCmp
 0001:00003798       @WStrCopy
 0001:000036E8       @WStrFromLStr
 0001:000035FC       @WStrFromPCharLen
 0001:000036AC       @WStrFromPWChar
 0001:00003688       @WStrFromPWCharLen
 0001:00003708       @WStrLen
 0001:000037E4       @WStrSetLength
 0001:000036F8       @WStrToPWChar
 0001:00001CA0       @_CLenToPasStr
 0001:00001C94       @_CToPasStr
 0001:00001834       @_IOTest
 0001:00003C60       @_llmul
 0001:00031EF0       AbsMin
 0001:0000A5F0       AbstractErrorHandler
 0002:00002028       AbstractErrorProc
 0002:00000140       AccessMode
 0001:0000179C       AcquireExceptionObject
 0001:00012108       ActivateClassGroup
 0001:0000523C       ActivateKeyboardLayout
 0002:00002B4C       ActiveDrag
 0001:0000FD7C       ActiveX
 0001:0004116C       ActnList
 0001:000003D8       AddBlockAfter
 0002:000003B4       AddDataModule
 0001:00006944       AddExitProc
 0001:000151C8       AddFinished
 0001:000444B0       AddIn
 0001:0000439C       AddModuleUnloadProc
 0001:0000438C       AddModuleUnloadProc
 0001:00015200       AddNotFinished
 0001:00015C24       AddSubComponentsToLoaded
 0001:0001CE40       AdjustColor
 0001:00025F40       AdjustColors
 0001:0004B4C0       Adjustment
 0001:00005244       AdjustWindowRectEx
 0002:00000D14       Alignments
 0002:000007FC       Alignments
 0002:00000D24       Alignments
 0002:00000A90       Alignments
 0002:00000A4C       Alignments
 0001:0003755C       AlignWork
 0001:000523B8       AlignWork
 0001:00019318       AllocateHWnd
 0001:0002453C       AllocFilterStr
 0001:000068F8       AllocMem
 0002:000025B0       AllocMemCount
 0002:000025B4       AllocMemSize
 0001:00020894       AllocPatternBitmap
 0001:00004BD0       AllocTlsBuffer
 0002:00000B00       AnchorAlign
 0002:00000AF4       AnimateWindowProc
 0002:00000BFC       AnimationStyle
 0001:00006ABC       AnsiCompareStr
 0001:00006AF4       AnsiCompareText
 0001:00007174       AnsiLastChar
 0001:0000524C       AnsiLower
 0001:0000AF68       AnsiPos
 0001:00048CC4       AnsiSameCaption
 0001:00006B2C       AnsiSameText
 0001:00006B44       AnsiStrLIComp
 0001:0000AFA0       AnsiStrPos
 0001:0000B040       AnsiStrRScan
 0001:0000B068       AnsiStrScan
 0001:0000496C       AnsiToUtf8
 0001:000085E4       AppendChars
 0001:000089A8       AppendFormat
 0001:00008648       AppendNumber
 0001:00008628       AppendString
 0002:00002BB0       Application
 0002:000003C4       ApplicationHandleException
 0002:000003CC       ApplicationShowException
 0002:00000E50       AppVisible
 0001:0000A5D4       AssertErrorHandler
 0002:00002020       AssertErrorProc
 0001:0000F814       AssignLongStr
 0001:0000FBB8       AssignVariant
 0002:00002608       avail
 0001:000072B0       BackfillGetDiskFreeSpaceEx
 0001:00034A84       BackgroundClipped
 0001:0000C494       BackupVarBoolFromStr
 0001:0000C5F4       BackupVarBStrFromBool
 0001:0000C514       BackupVarBStrFromCy
 0001:0000C584       BackupVarBStrFromDate
 0001:0000C428       BackupVarCyFromStr
 0001:0000C3BC       BackupVarDateFromStr
 0001:0000C278       BackupVarI4FromStr
 0001:0000C224       BackupVariantChangeTypeEx
 0001:0000C2E4       BackupVarR4FromStr
 0001:0000C350       BackupVarR8FromStr
 0001:00012460       BeginGlobalLoading
 0001:00005254       BeginPaint
 0001:0001CE4C       BetterSize
 0001:00045324       BiDiDraw
 0001:00005084       BitBlt
 0002:00000980       BitBtnCaptions
 0002:00002A90       BitBtnGlyphs
 0002:00000E98       BitCP
 0002:00001220       bitDisplace
 0002:00000ED8       BitExp
 0002:00000E58       BitIP
 0002:000006D0       BitmapCanvasList
 0002:000028A8       BitmapImageLock
 0002:00000F98       BitPM
 0002:000011B8       BitPMC1
 0002:000011F0       BitPMC2
 0001:0000C260       BiUnimplemented
 0002:000003EC       BlockCode
 0002:000025E0       blockDescBlockList
 0002:000025E4       blockDescFreeList
 0002:000003A8       BooleanIdents
 0002:00000324       BooleanToStringRule
 0001:00006F7C       BoolToStr
 0001:0000DB68       BoolToWStrViaOS
 0002:000007F4       BorderStyles
 0002:00000A44       BorderStyles
 0001:00011420       Bounds
 0001:00004D14       Bounds
 0002:00000CBC       Breaks
 0002:000028E0       BrushManager
 0001:00047AD8       BuildImage
 0002:000007C8       ButtonCaptions
 0002:0000079C       ButtonNames
 0002:00000D38       Buttons
 0001:0002694C       Buttons
 0002:00000A88       ButtonStyles
 0001:0001C62C       BytesPerScanline
 0001:0001C984       ByteSwapColors
 0001:0000ACA4       ByteToCharIndex
 0001:0000AC7C       ByteToCharLen
 0001:0000AC40       ByteType
 0001:0000ABC8       ByteTypeTest
 0002:00002B98       CachedComCtrlVer
 0001:00019254       CalcJmpOffset
 0001:0003F1D8       CalcSplitterPos
 0001:0000525C       CallNextHookEx
 0001:0000B734       CallTerminateProcs
 0001:00005264       CallWindowProc
 0001:00032F28       CancelDrag
 0002:000028E4       CanvasList
 0002:00002B60       CanvasList
 0002:00000788       Captions
 0002:00000BB8       CaptureControl
 0002:00000C5C       cBooleanToItemAutoFlag
 0001:00023E4C       CenterWindow
 0002:00002A7E       CF_COMPONENT
 0002:00002A7C       CF_PICTURE
 0002:00002814       ChangeAnyProc
 0001:000314A8       ChangeBiDiModeAlignment
 0002:00000A6C       CharCases
 0001:00002FDC       CharFromWChar
 0001:0000AE78       CharLength
 0001:0000021C       CharNext
 0001:0000526C       CharNext
 0001:0001AF78       CharsetToIdent
 0001:0000AD8C       CharToByteIndex
 0001:0000ADF0       CharToByteLen
 0001:00005274       CharToOemA
 0001:0001D3FC       CheckBool
 0001:00002588       CheckJmp
 0001:0000527C       CheckMenuItem
 0002:00000CAC       Checks
 0001:00015C60       CheckSubComponents
 0001:0001802C       CheckSynchronize
 0001:0004AEFC       CheckTaskWindow
 0001:00032BDC       CheckUndock
 0001:0000AABC       CheckWin32Version
 0002:00000328       CInvalidCustomVariantType
 0002:00000C60       cItemAutoFlagToBoolean
 0002:00000C58       cItemAutoFlagToMenu
 0001:000194A4       Classes
 0001:00011ECC       ClassNotFound
 0002:00002810       ClearAnyProc
 0001:0001A808       ClearColor
 0001:0000EED4       ClearVariantTypeList
 0001:00005284       ClientToScreen
 0001:0003C7C0       ClientToWindow
 0002:000006C8       ClipboardFormats
 0001:00026768       Clipbrd
 0001:00004E4C       CloseHandle
 0002:0000297C       CloseThemeData
 0002:0000203C       CmdLine
 0002:00002038       CmdShow
 0002:00000C54       cMenuAutoFlagToItem
 0001:0000C26C       CmpUnimplemented
 0002:00000448       Colors
 0001:0001AD70       ColorToIdent
 0002:00000808       ColorToPretyName
 0001:0001AD60       ColorToRGB
 0002:00002AE8       ComCtlVersion
 0001:00026CF0       ComCtrls
 0002:00002BAC       CommandPool
 0001:00020E88       CommCtrl
 0001:00023740       CommDlg
 0001:000006B8       Commit
 0002:00002624       committedRoot
 0001:00043A94       CompareFront
 0001:00006A24       CompareMem
 0001:000069F4       CompareStr
 0001:00004E54       CompareString
 0001:00006A44       CompareText
 0001:00006EA4       CompareWith
 0001:00015D40       ComponentCreated
 0001:00026724       ComStrs
 0001:000197D8       Consts
 0001:00020D94       Contnrs
 0002:00002B1E       ControlAtom
 0002:00002B24       ControlAtomString
 0001:0004FC88       ControlHasHelp
 0001:0003FE74       Controls
 0001:000553D4       conversePermutation
 0001:0000A030       ConvertAddr
 0001:00008738       ConvertEraString
 0001:000068D4       ConvertErrorFmt
 0001:000088A0       ConvertYearString
 0001:00003C94       CopyArray
 0001:0001DED4       CopyBitmap
 0001:0001E59C       CopyBitmapAsMask
 0001:00004E5C       CopyFile
 0001:00005740       CopyMemory
 0001:0001E538       CopyPalette
 0002:000009E0       Copyright
 0001:00046B84       CopyToBest
 0001:0000ACFC       CountChars
 0002:000028C0       CounterLock
 0002:0000032C       CRangeToType
 0001:0000A518       CreateAssertException
 0001:0000A6A0       CreateAVObject
 0001:0000508C       CreateBitmap
 0001:00005094       CreateBrushIndirect
 0001:0000509C       CreateCompatibleBitmap
 0001:000050A4       CreateCompatibleDC
 0001:00015DC0       CreateComponent
 0001:000050B4       CreateDIBitmap
 0001:000050AC       CreateDIBSection
 0001:00004E64       CreateEvent
 0001:00004E6C       CreateFile
 0001:000050BC       CreateFontIndirect
 0001:000050C4       CreateHalftonePalette
 0001:0000528C       CreateIcon
 0001:0000A444       CreateInOutError
 0001:00005294       CreateMenu
 0001:000050CC       CreatePalette
 0001:000050D4       CreatePenIndirect
 0001:0000529C       CreatePopupMenu
 0001:000050DC       CreateSolidBrush
 0001:0001C9DC       CreateSystemPalette
 0001:00004E74       CreateThread
 0001:0000583C       CreateWindow
 0001:000057E4       CreateWindowEx
 0002:00000724       CreationControl
 0002:00000AF8       CreationControl
 0002:00000394       CRelationshipToBoolean
 0002:00000310       CResult
 0002:00000AE4       CSHREDRAW
 0002:00000138       cSimpleBoolStrs
 0002:00000340       CText
 0002:00000BF4       Ctl3DStyles
 0002:0000261C       curAlloc
 0002:00002688       CurrencyDecimals
 0002:00002684       CurrencyFormat
 0002:00002680       CurrencyString
 0001:000085D0       CurrentYear
 0001:00008168       CurrToStr
 0001:0000DAF8       CurrToWStrViaOS
 0002:00000DD4       CursorMap
 0002:00000B08       Cursors
 0001:000317C8       CursorToIdent
 0002:00000DC4       cUseAlpha
 0002:00000DCC       cUseColorKey
 0001:00006C18       CvtInt
 0001:00006C84       CvtInt64
 0002:00000178       CWNear
 0001:000556D4       cycleMove
 0002:00000AEC       Data
 0002:00002689       DateSeparator
 0001:000091B8       DateTimeToStr
 0001:0000915C       DateTimeToString
 0001:00008228       DateTimeToTimeStamp
 0001:0000DB30       DateToWStrViaOS
 0001:000085A8       DayOfWeek
 0002:00000174       DCon10
 0002:00000444       DDBsOnly
 0001:000193CC       DeallocateHWnd
 0002:00000028       DebugHook
 0002:00002687       DecimalSeparator
 0001:00056314       Decode
 0001:00008588       DecodeDate
 0001:0000843C       DecodeDateFully
 0001:000082DC       DecodeTime
 0001:0000074C       Decommit
 0001:00000D68       DecommitFree
 0002:000025F8       decommittedRoot
 0001:00055D48       DecryStr
 0001:000560C4       DecryStrHex
 0001:0004D910       Default
 0001:00052FE0       Default
 0002:00000020       Default8087CW
 0002:00000AFC       DefaultDockTreeClass
 0002:000025BC       DefaultUserCodePage
 0002:00000698       DefBrushData
 0002:00000418       DefFontData
 0001:000052A4       DefFrameProc
 0002:00000204       DefLongDayNames
 0002:000001B8       DefLongMonthNames
 0001:000052AC       DefMDIChildProc
 0002:00000678       DefPenData
 0002:000001E8       DefShortDayNames
 0002:00000188       DefShortMonthNames
 0001:000052B4       DefWindowProc
 0001:00003EE0       DelayLoadResourceModule
 0001:00000408       DeleteBlock
 0001:00004E7C       DeleteCriticalSection
 0001:00000378       DeleteCriticalSection
 0001:000050E4       DeleteDC
 0001:0000715C       DeleteFile
 0001:00004E84       DeleteFile
 0001:00000BB0       DeleteFree
 0001:000052BC       DeleteMenu
 0001:000050EC       DeleteObject
 0001:000561B8       DES
 0001:0005598C       desData
 0001:0001DA90       DeselectBitmap
 0001:000052C4       DestroyCursor
 0001:000052CC       DestroyIcon
 0001:0002687C       DestroyLocals
 0001:000052D4       DestroyMenu
 0001:000052DC       DestroyWindow
 0001:0002ED20       DialogEnumerationTester
 0001:00023F00       DialogHook
 0001:00024DEC       Dialogs
 0002:000006D4       DIBPalSizes
 0002:0000008C       dig
 0002:00001270       Digits
 0002:00003220       Dirs
 0001:0004AD50       DisableTaskWindows
 0001:000052E4       DispatchMessage
 0001:00050F68       DispatchShortCut
 0002:00002000       DispCallByIDProc
 0001:000068B8       DivMod
 0001:00023778       Dlgs
 0001:0005226C       DoAlign
 0001:000373EC       DoAlign
 0001:0003B4A0       DoCalcConstraints
 0002:00002B54       DockSiteList
 0001:000477A4       DoClick
 0001:00038B30       DoControlMsg
 0001:0004AD00       DoDisableWindow
 0001:00032508       DoDragOver
 0001:00006918       DoExitProc
 0001:0003D4AC       DoFindControlZone
 0001:0004AE3C       DoFindWindow
 0001:0003DA38       DoFindZone
 0001:0003D530       DoForEach
 0001:0003EE3C       DoGetNextLimit
 0001:0004ACC8       DoneApplication
 0001:0003FB9C       DoneControls
 0001:0000A9CC       DoneExceptions
 0001:0004F2E4       DoNestedActivation
 0001:00017FEC       DoneThreadSynchronization
 0001:000520BC       DoPosition
 0001:00036FAC       DoPosition
 0001:0003E464       DoPrune
 0001:000259D4       DoRect
 0001:0003E93C       DoSaveZone
 0001:0003EB40       DoSetNewBounds
 0002:000003B0       DotSep
 0001:0001D654       DoWrite
 0001:00013294       DoWrite
 0001:000420F4       DoWrite
 0001:00038118       DoWriteDesignSize
 0001:00035B84       DoWriteIsControl
 0002:00002B38       DragCapture
 0002:00002B2C       DragControl
 0001:00032C50       DragDone
 0001:000324B8       DragFindTarget
 0001:0003248C       DragFindWindow
 0002:00002B50       DragImageList
 0001:000328A8       DragInit
 0001:00032A18       DragInitControl
 0002:00002B34       DragInternalObject
 0001:000323D4       DragMessage
 0002:00002B30       DragObject
 0002:00002B5C       DragSave
 0002:00002B44       DragSaveCursor
 0002:00002B3C       DragStartPos
 0002:00002B48       DragThreshold
 0001:000325D8       DragTo
 0001:0005301C       DrawAppIcon
 0001:0003DFD0       DrawCloseButton
 0001:000052EC       DrawEdge
 0001:000052F4       DrawFocusRect
 0001:000052FC       DrawFrameControl
 0001:0003E028       DrawGrabberLine
 0001:00005304       DrawIcon
 0001:0000530C       DrawIconEx
 0002:00000C30       DrawingStyles
 0001:00005314       DrawMenuBar
 0001:00048AE4       DrawMenuItem
 0001:0000531C       DrawText
 0002:00002980       DrawThemeBackground
 0002:000029A4       DrawThemeEdge
 0002:000029A8       DrawThemeIcon
 0002:00002A2C       DrawThemeParentBackground
 0002:00002984       DrawThemeText
 0001:0001C4AC       DupBits
 0001:00003CAC       DynArrayClear
 0001:00003CB4       DynArraySetLength
 0002:00000D1C       EdgeStyle
 0002:00000BE4       EdgeStyles
 0001:0000A418       EHeapException.FreeInstance
 0002:000027FC       EmptyParam
 0002:000000BC       EmptyStr
 0002:000000C0       EmptyWideStr
 0001:00005324       EnableMenuItem
 0002:00000CB4       Enables
 0001:0000532C       EnableScrollBar
 0001:0004AE04       EnableTaskWindows
 0002:00002A14       EnableThemeDialogTexture
 0002:00002A30       EnableTheming
 0001:00005334       EnableWindow
 0001:000562DC       Encode
 0001:00055864       Encry
 0001:00055B64       EncryStr
 0001:00055EDC       EncryStrHex
 0001:000124E8       EndGlobalLoading
 0001:0000533C       EndPaint
 0001:00000368       EnterCriticalSection
 0001:00004E8C       EnterCriticalSection
 0001:00004E94       EnumCalendarInfoA
 0002:00002914       EnumDisplayMonitors
 0001:00009CA4       EnumEraNames
 0001:00009CE0       EnumEraYearOffsets
 0001:0004DED4       EnumMonitorsProc
 0001:00005344       EnumThreadWindows
 0001:00015570       EnumValue
 0001:0000534C       EnumWindows
 0001:00005354       EqualRect
 0002:00002750       EraNames
 0001:00009430       EraToYear
 0002:0000276C       EraYearOffsets
 0002:00000064       errCaption
 0001:00014D54       Error
 0001:00011A70       Error
 0001:000437E4       Error
 0001:00001828       Error
 0002:00000004       ErrorAddr
 0001:000017DC       ErrorAt
 0001:0000A4C4       ErrorHandler
 0002:00000220       ErrorMap
 0002:00002008       ErrorProc
 0002:000023E4       ErrOutput
 0001:0000177C       ExceptAddr
 0002:0000200C       ExceptClsProc
 0001:0000A938       ExceptHandler
 0001:0000A28C       Exception.Create
 0001:0000A2C8       Exception.CreateFmt
 0001:0000A348       Exception.CreateRes
 0001:0000A384       Exception.CreateResFmt
 0002:0000201C       ExceptionClass
 0001:0000A03C       ExceptionErrorMessage
 0002:00000258       ExceptMap
 0001:0000175C       ExceptObject
 0002:00002010       ExceptObjProc
 0002:00002004       ExceptProc
 0001:000050F4       ExcludeClipRect
 0002:00000000       ExitCode
 0001:00002D10       ExitDll
 0002:00002044       ExitProc
 0001:00000224       ExitProcess
 0002:00002024       ExitProcessProc
 0002:00000134       ExitProcList
 0001:00055458       Expand
 0001:00007274       ExpandFileName
 0001:000241D8       ExplorerHook
 0001:00026B38       ExtActns
 0001:000266C4       ExtCtrls
 0001:000269A4       ExtDlgs
 0002:00000AC4       ExtendSelects
 0001:0000722C       ExtractFileExt
 0001:000071F4       ExtractFileName
 0001:00024850       ExtractFileName
 0001:00024898       ExtractFileNames
 0001:000561C0       F
 0002:0000278C       FalseBoolStrs
 0002:00002A84       FClipboard
 0002:00000168       FCon1E18
 0001:0005620C       FF
 0001:000070E4       FileAge
 0001:000070DC       FileClose
 0001:00007020       FileCreate
 0001:00007044       FileCreate
 0001:0000714C       FileExists
 0002:000006CC       FileFormats
 0002:00000008       FileMode
 0001:00006FC8       FileOpen
 0001:0000704C       FileRead
 0002:000003DC       FilerSignature
 0001:000070A4       FileSeek
 0001:00004E9C       FileTimeToDosDateTime
 0001:00004EA4       FileTimeToLocalFileTime
 0001:00007078       FileWrite
 0001:00000C98       FillAfterGap
 0001:00000C44       FillBeforeGap
 0001:00000D30       FillerSizeAfterGap
 0001:00000CC0       FillerSizeBeforeGap
 0001:0000535C       FillRect
 0001:00026A90       Finalization
 0001:000235F4       Finalization
 0001:00005CD4       Finalization
 0001:000229A4       Finalization
 0001:0002362C       Finalization
 0001:00023664       Finalization
 0001:00026AE8       Finalization
 0001:000552B0       Finalization
 0001:00026B40       Finalization
 0001:00048DC0       Finalization
 0001:000236D0       Finalization
 0001:00056C8C       Finalization
 0001:00026C78       Finalization
 0001:000276B8       Finalization
 0001:00023710       Finalization
 0001:000208CC       Finalization
 0001:00023748       Finalization
 0001:000197A8       Finalization
 0001:000193F4       Finalization
 0001:00026974       Finalization
 0001:00022680       Finalization
 0001:0003FE0C       Finalization
 0001:0002E1AC       Finalization
 0001:00022648       Finalization
 0001:0004113C       Finalization
 0001:00022600       Finalization
 0001:00004CB8       Finalization
 0001:00042844       Finalization
 0001:00021618       Finalization
 0001:0000C9C0       Finalization
 0001:000215D8       Finalization
 0001:00057BB4       Finalization
 0001:00056188       Finalization
 0001:00020AAC       Finalization
 0001:00004D30       Finalization
 0001:00020D64       Finalization
 0001:0000F320       Finalization
 0001:00026914       Finalization
 0001:00024D90       Finalization
 0001:0002E314       Finalization
 0001:0000F52C       Finalization
 0001:0002667C       Finalization
 0001:000266F4       Finalization
 0001:00057BF8       Finalization
 0001:0002672C       Finalization
 0001:0002EF98       Finalization
 0001:00020E58       Finalization
 0001:00026844       Finalization
 0001:0000FD4C       Finalization
 0001:000059C4       Finalization
 0001:000235BC       Finalization
 0001:0000598C       Finalization
 0001:00022B50       Finalization
 0001:0002357C       Finalization
 0001:00023544       Finalization
 0001:00026A2C       Finalization
 0001:000234D4       Finalization
 0001:00056CC4       Finalization
 0001:000269C4       Finalization
 0001:00004A88       Finalization
 0001:0000C004       Finalization
 0001:0000FCF4       Finalization
 0001:00003CA4       FinalizeArray
 0001:00002B44       FinalizeUnits
 0001:00047564       Find
 0001:00003F50       FindBS
 0001:00011F8C       FindClass
 0001:00003ED8       FindClassHInstance
 0001:00004EAC       FindClose
 0001:00000234       FindClose
 0001:00000C14       FindCommitted
 0001:000315A8       FindControl
 0001:0003DC64       FindControlAtPos
 0001:0000F178       FindCustomVariantType
 0001:0000F230       FindCustomVariantType
 0001:00032F74       FindDragTarget
 0001:00015F70       FindExistingComponent
 0001:0000023C       FindFirstFile
 0001:00004EB4       FindFirstFile
 0001:00012378       FindGlobalComponent
 0001:0004AF48       FindGlobalComponent
 0002:00002860       FindGlobalComponentProcs
 0001:00003EB0       FindHInstance
 0001:00012220       FindIdentToInt
 0002:00002A70       FindMsg
 0001:00015100       FindNestedComponent
 0001:000437AC       FindPopupControl
 0001:0000C688       FindProc
 0001:00004EBC       FindResource
 0001:00003F28       FindResourceHInstance
 0001:00054B04       FindScanline
 0001:0002DD60       FindString
 0001:0004AEA0       FindTopMostWindow
 0001:00016E54       FindUniqueName
 0001:00032F40       FindVCLWindow
 0001:00005364       FindWindow
 0001:0002ED78       FindWinHelp
 0001:0001DE88       FixupBitFields
 0002:00000D2C       Flags
 0002:0000279C       FLanguages
 0001:000229D4       FlatSB
 0002:00002940       FlatSB_EnableScrollBar
 0002:0000294C       FlatSB_GetScrollInfo
 0002:00002950       FlatSB_GetScrollPos
 0002:00002948       FlatSB_GetScrollRange
 0002:00002958       FlatSB_SetScrollInfo
 0002:00002954       FlatSB_SetScrollPos
 0001:000226C4       FlatSB_SetScrollProp
 0002:0000295C       FlatSB_SetScrollRange
 0002:00002944       FlatSB_ShowScrollBar
 0001:00007DF8       FloatToDecimal
 0001:00008138       FloatToStr
 0001:00007B24       FloatToText
 0001:00001A2C       Flush
 0002:0000017C       FMSecsPerDay
 0001:00007A20       FmtStr
 0002:00000D48       FocusCount
 0002:00000D44       FocusMessages
 0002:000005E8       FontCharsets
 0002:000028D8       FontManager
 0002:00000720       ForceCurrentDirectory
 0001:0004AF1C       ForegroundTask
 0002:0000321C       Form1
 0001:00007A0C       Format
 0002:00000184       Format
 0001:00007614       FormatBuf
 0001:00007608       FormatClearStr
 0001:0000758C       FormatError
 0002:00000160       FormatErrorStrs
 0001:00004EC4       FormatMessage
 0001:000075E4       FormatVarToStr
 0001:0005530C       Forms
 0001:00001CD8       FPower10
 0002:0000071C       FPrinter
 0001:00025A98       Frame3D
 0001:0000536C       FrameRect
 0001:0000BBE4       FreeAndNil
 0001:00000980       FreeCommitted
 0001:00000EA0       FreeCurAlloc
 0001:00033034       FreeDeviceContext
 0001:000330F0       FreeDeviceContexts
 0001:000191C0       FreeIntConstList
 0001:00000244       FreeLibrary
 0001:00004ECC       FreeLibrary
 0001:0001D9E4       FreeMemoryContexts
 0001:000192F4       FreeObjectInstance
 0001:00004EDC       FreeResource
 0001:00000600       FreeSpace
 0001:0000B750       FreeTerminateProcs
 0001:00022B88       FreeThemeLibrary
 0002:00002AE4       FRichEditModule
 0001:00057BF0       FrmMain
 0001:000561CC       G
 0001:0001C49C       GDICheck
 0001:0001C3F4       GDIError
 0001:00001990       Get8087CW
 0001:00004EE4       GetACP
 0001:00005374       GetActiveWindow
 0001:00052748       GetAnimation
 0001:000050FC       GetBitmapBits
 0001:00000380       GetBlockDesc
 0001:00005104       GetBrushOrgEx
 0001:0000537C       GetCapture
 0001:00031870       GetCaptureControl
 0001:00011F38       GetClass
 0001:00005384       GetClassInfo
 0001:0000538C       GetClassName
 0001:00005394       GetClientRect
 0001:0000510C       GetClipBox
 0001:0000031C       GetCmdShow
 0001:0004130C       GetColor
 0001:00026C18       GetComCtlVersion
 0001:0000024C       GetCommandLine
 0001:000007CC       GetCommitted
 0001:0000085C       GetCommittedAt
 0001:000386E4       GetControlAtPos
 0001:00008694       GetCount
 0001:00004EEC       GetCPInfo
 0001:00007324       GetCurrentDir
 0001:00000254       GetCurrentDirectory
 0001:00005114       GetCurrentPositionEx
 0001:00004EF4       GetCurrentProcessId
 0002:00002A24       GetCurrentThemeName
 0001:0000030C       GetCurrentThreadId
 0001:00004EFC       GetCurrentThreadId
 0001:00005738       GetCurrentTime
 0001:0000539C       GetCursor
 0001:00054B14       GetCursorHeightMargin
 0001:000053A4       GetCursorPos
 0001:000086C0       GetDate
 0001:00004F04       GetDateFormat
 0001:00009348       GetDateOrder
 0001:000053AC       GetDC
 0001:000053B4       GetDCEx
 0001:0000511C       GetDCOrgEx
 0001:000204DC       GetDefFontCharSet
 0001:000053BC       GetDesktopWindow
 0001:00005134       GetDeviceCaps
 0001:0001D3E4       GetDIB
 0001:00005124       GetDIBColorTable
 0001:0000512C       GetDIBits
 0001:0001D32C       GetDIBSizes
 0001:0001C60C       GetDInColors
 0001:00004F0C       GetDiskFreeSpaceA
 0002:00000130       GetDiskFreeSpaceEx
 0001:000053C4       GetDlgItem
 0001:0003EF1C       GetDockAlign
 0001:00032218       GetDockSiteAtPos
 0001:00032544       GetDropCtl
 0001:00002350       GetDynaMethod
 0001:0000F59C       GetEnumNameValue
 0001:0000F5E8       GetEnumValue
 0001:00009D58       GetEraNamesAndYearOffsets
 0001:000093DC       GetEraYearOffset
 0001:0000A688       GetExceptionClass
 0001:0000A86C       GetExceptionObject
 0001:00011EC0       GetFieldClassTable
 0001:0000AADC       GetFileVersion
 0001:0000506C       GetFileVersionInfo
 0001:00005074       GetFileVersionInfoSize
 0001:000053CC       GetFocus
 0001:0001AF98       GetFontData
 0001:000053D4       GetForegroundWindow
 0001:0000B308       GetFormatSettings
 0001:00004F14       GetFullPathName
 0001:0001A504       GetHashCode
 0001:0004FCC0       GetHelpInfo
 0001:00021A98       GetHelpSystem
 0001:0005252C       GetHint
 0001:00052564       GetHintControl
 0001:00048C60       GetHotkey
 0001:000053DC       GetIconInfo
 0001:000053F4       GetKeyboardLayout
 0001:000053FC       GetKeyboardLayoutList
 0001:00005404       GetKeyboardState
 0001:00001FC4       GetKeyboardType
 0001:000053E4       GetKeyNameText
 0001:000053EC       GetKeyState
 0001:0000540C       GetLastActivePopup
 0001:0003D1E4       GetLastChildZone
 0001:00004F1C       GetLastError
 0001:00009B1C       GetLocaleChar
 0001:00004F2C       GetLocaleInfo
 0001:0000025C       GetLocaleInfo
 0001:00009AD0       GetLocaleStr
 0001:00004F24       GetLocalTime
 0001:0003182C       GetLongHint
 0001:00056BA8       GetMD5Text
 0001:00005414       GetMenu
 0001:0004FC48       GetMenuHelpContext
 0001:0000541C       GetMenuItemCount
 0001:00005424       GetMenuItemID
 0001:0000542C       GetMenuItemInfo
 0001:00045DB0       GetMenuSize
 0001:00005434       GetMenuState
 0001:0000543C       GetMenuString
 0001:00004F34       GetModuleFileName
 0001:00000264       GetModuleFileName
 0001:00004BB0       GetModuleHandle
 0001:0000026C       GetModuleHandle
 0001:00004F3C       GetModuleHandle
 0002:00002908       GetMonitorInfo
 0002:0000290C       GetMonitorInfoA
 0002:00002910       GetMonitorInfoW
 0001:00009B80       GetMonthDayNames
 0001:00005444       GetNextWindow
 0001:0000513C       GetObject
 0001:00023708       GetOpenFileName
 0001:0000F6BC       GetOrdProp
 0001:00005144       GetPaletteEntries
 0001:0000544C       GetParent
 0001:0004B114       GetParentForm
 0001:0000514C       GetPixel
 0001:00000274       GetProcAddress
 0001:00004F44       GetProcAddress
 0001:00005454       GetProp
 0001:0000F64C       GetPropInfo
 0001:0004B5D4       GetRealScrollPosition
 0001:000412EC       GetRGBColor
 0001:0000545C       GetScrollInfo
 0001:00005464       GetScrollPos
 0001:0000546C       GetScrollRange
 0001:000317E8       GetShortHint
 0001:00000524       GetSpace
 0001:00000588       GetSpaceAt
 0001:0004383C       GetSpecialName
 0001:0000027C       GetStartupInfo
 0001:00004F4C       GetStdHandle
 0001:000001F4       GetStdHandle
 0001:00005154       GetStockObject
 0001:00004F54       GetStringTypeEx
 0001:00005474       GetSubMenu
 0001:0000547C       GetSysColor
 0001:00005484       GetSysColorBrush
 0001:00004F5C       GetSystemInfo
 0001:0000548C       GetSystemMenu
 0001:00005494       GetSystemMetrics
 0002:000028F8       GetSystemMetrics
 0001:0000515C       GetSystemPaletteEntries
 0001:00005164       GetTextExtentPoint32
 0001:0000516C       GetTextMetrics
 0002:00002A1C       GetThemeAppProperties
 0002:00002988       GetThemeBackgroundContentRect
 0002:0000298C       GetThemeBackgroundExtent
 0002:0000299C       GetThemeBackgroundRegion
 0002:000029C0       GetThemeBool
 0002:000029B4       GetThemeColor
 0002:00002A28       GetThemeDocumentationProperty
 0002:000029C8       GetThemeEnumValue
 0002:000029E8       GetThemeFilename
 0002:000029D0       GetThemeFont
 0002:000029C4       GetThemeInt
 0002:000029DC       GetThemeIntList
 0002:000029D8       GetThemeMargins
 0002:000029B8       GetThemeMetric
 0002:00002990       GetThemePartSize
 0002:000029CC       GetThemePosition
 0002:000029E0       GetThemePropertyOrigin
 0002:000029D4       GetThemeRect
 0002:000029BC       GetThemeString
 0002:000029F4       GetThemeSysBool
 0002:000029EC       GetThemeSysColor
 0002:000029F0       GetThemeSysColorBrush
 0002:000029FC       GetThemeSysFont
 0002:00002A04       GetThemeSysInt
 0002:000029F8       GetThemeSysSize
 0002:00002A00       GetThemeSysString
 0002:00002994       GetThemeTextExtent
 0002:00002998       GetThemeTextMetrics
 0001:00004F64       GetThreadLocale
 0001:00000284       GetThreadLocale
 0001:00004F6C       GetTickCount
 0001:000086F8       GetTime
 0001:00004BDC       GetTlsSize
 0001:00052CF8       GetTopMostWindows
 0001:00031978       GetTopParent
 0001:0000549C       GetTopWindow
 0001:0000F590       GetTypeData
 0001:00004F74       GetVersion
 0001:00000314       GetVersion
 0001:00004F7C       GetVersionEx
 0001:000054A4       GetWindow
 0001:000054AC       GetWindowDC
 0001:000054B4       GetWindowLong
 0001:00005174       GetWindowOrgEx
 0001:000054BC       GetWindowPlacement
 0001:000054C4       GetWindowRect
 0001:000054CC       GetWindowText
 0002:00002A10       GetWindowTheme
 0001:000054DC       GetWindowThreadProcessId
 0001:000054D4       GetWindowThreadProcessId
 0001:00056240       GG
 0001:00004F84       GlobalAddAtom
 0001:00004F8C       GlobalAlloc
 0001:00005754       GlobalAllocPtr
 0001:00004F94       GlobalDeleteAtom
 0001:00004F9C       GlobalFindAtom
 0002:00002864       GlobalFixupList
 0001:00015248       GlobalFixupReferences
 0001:00004FA4       GlobalFree
 0001:00005780       GlobalFreePtr
 0001:00004FB4       GlobalHandle
 0001:00004FAC       GlobalLock
 0002:00002848       GlobalNameSpace
 0001:00004FBC       GlobalReAlloc
 0001:00005764       GlobalReAllocPtr
 0001:00004FC4       GlobalUnlock
 0001:000209A0       Graphics
 0001:000120B4       GroupDescendentsWith
 0001:000561D8       H
 0001:0004FEC8       HandleEdge
 0001:000166AC       HandleException
 0002:00000024       HeapAllocFlags
 0002:000025C4       heapErrorCode
 0002:000025C8       heapLock
 0001:00022640       HelpIntfs
 0002:00002934       HelpManager
 0002:00002A6C       HelpMsg
 0002:00002B08       HelpViewer
 0002:00002B0C       HelpViewerIntf
 0002:0000012C       HexDisplayPrefix
 0001:00055FD4       HexToInt
 0001:00056274       HH
 0002:00000A78       HideSelections
 0001:0003EF98       HideZone
 0002:00002664       HInstance
 0002:00002BC4       HintDoneEvent
 0001:00052634       HintGetMsgHook
 0002:00002BC8       HintHook
 0001:000525D8       HintMouseThread
 0002:00002BCC       HintThread
 0002:00002BC0       HintThreadID
 0001:00052584       HintTimerProc
 0002:00000D3C       HintWindowClass
 0002:000029A0       HitTestThemeBackground
 0001:00052678       HookHintHooks
 0001:00005894       HwndMSWheel
 0001:000561E0       I
 0002:00000CD0       IBreaks
 0002:00000CDC       IChecks
 0002:00000CE4       IDefaults
 0001:0001AF88       IdentToCharset
 0001:0001AD80       IdentToColor
 0001:000317D8       IdentToCursor
 0001:0001229C       IdentToInt
 0002:00000CEC       IEnables
 0001:00046B54       IfHotkeyAvailable
 0001:000562A8       II
 0001:00056CF4       ImageHlp
 0002:00002B9C       ImageListWriteExProc
 0001:00020DB4       ImageList_Add
 0001:00020DD4       ImageList_AddIcon
 0001:00020DF8       ImageList_BeginDrag
 0001:00020D9C       ImageList_Create
 0001:00020DA4       ImageList_Destroy
 0001:00020E08       ImageList_DragEnter
 0001:00020E10       ImageList_DragLeave
 0001:00020E18       ImageList_DragMove
 0001:00020E28       ImageList_DragShowNolock
 0001:00020DE0       ImageList_Draw
 0001:00020DE8       ImageList_DrawEx
 0001:00020E00       ImageList_EndDrag
 0001:00020DCC       ImageList_GetBkColor
 0001:00020E30       ImageList_GetDragImage
 0001:00020E48       ImageList_GetIconSize
 0001:00020DAC       ImageList_GetImageCount
 0001:00020E38       ImageList_Read
 0001:00020DF0       ImageList_Remove
 0001:00020DBC       ImageList_ReplaceIcon
 0001:00020DC4       ImageList_SetBkColor
 0001:00020E20       ImageList_SetDragCursorImage
 0001:00020E50       ImageList_SetIconSize
 0001:00020E40       ImageList_Write
 0002:00000C40       Images
 0001:00042874       ImgList
 0001:00021648       Imm
 0002:00000C24       IMM32DLL
 0001:0003FB88       Imm32IsIME
 0002:00000180       IMSecsPerDay
 0001:0000D508       InBounds
 0001:0000D7A8       InBounds
 0001:0000D7D8       Increment
 0001:0000D538       Increment
 0001:000054E4       InflateRect
 0001:00026A0C       IniFiles
 0001:00000A0C       InitAllocator
 0001:00020E90       InitAnApi
 0002:00002920       InitApis
 0001:00012544       InitComponent
 0002:00002634       InitContext
 0001:0003FC24       InitControls
 0001:00020520       InitDefFontData
 0001:0000B770       InitDriveSpacePtr
 0001:0000A948       InitExceptions
 0001:00022720       InitFlatSB
 0001:00024C3C       InitGlobals
 0001:0001D1E4       InitializeBitmapInfoHeader
 0001:00004FCC       InitializeCriticalSection
 0001:00000360       InitializeCriticalSection
 0002:000025C0       initialized
 0001:000226F8       InitializeFlatSB
 0001:00004C68       InitializeModule
 0001:0000C6B4       InitializeVarUtils
 0001:0003F828       InitIMM32
 0001:000125EC       InitInheritedComponent
 0001:0000B11C       InitLeadBytes
 0001:0002156C       InitMultiMonStubs
 0001:00055350       initPermutation
 0001:0000AA4C       InitPlatformId
 0002:00002040       InitProc
 0001:00055224       InitProcs
 0001:000204A4       InitScreenLogPixels
 0001:0000B194       InitSysLocale
 0001:00022D48       InitThemeLibrary
 0001:00017FB8       InitThreadSynchronization
 0001:00004BE4       InitThreadTLS
 0001:00002BA4       InitUnits
 0001:000314BC       InitWndProc
 0002:00000BC4       InnerStyles
 0002:0000204C       Input
 0001:00036F20       InsertBefore
 0001:0005205C       InsertBefore
 0001:00000E18       InsertFree
 0001:00046C08       InsertHotkeyFarEastFormat
 0001:000054EC       InsertMenu
 0001:000054F4       InsertMenuItem
 0002:00002880       InstBlockList
 0002:00002884       InstFreeList
 0002:00002858       IntConstList
 0002:00000ACC       IntegralHeights
 0001:0000B7D8       InterlockedDecrement
 0001:00000304       InterlockedDecrement
 0001:0000B7E4       InterlockedExchange
 0001:00004ED4       InterlockedExchange
 0001:0000B7EC       InterlockedExchangeAdd
 0001:000002FC       InterlockedIncrement
 0001:0000B7CC       InterlockedIncrement
 0001:0001A490       InternalDeletePalette
 0001:000019E4       InternalFlush
 0001:00000C74       InternalFreeMem
 0001:0001D334       InternalGetDIB
 0001:0001D2C8       InternalGetDIBSizes
 0001:000123DC       InternalReadComponentRes
 0002:00002AF0       InternalServices
 0001:00003388       InternalUniqueString
 0001:0000517C       IntersectClipRect
 0001:000054FC       IntersectRect
 0001:00006D78       IntToHex
 0001:000122DC       IntToIdent
 0001:00006C64       IntToStr
 0001:00006D50       IntToStr
 0001:00005504       InvalidateRect
 0001:0001C388       InvalidBitmap
 0001:0001C370       InvalidGraphic
 0001:0001C394       InvalidIcon
 0001:0001C358       InvalidOperation
 0001:00011448       InvalidPoint
 0002:00002798       InvalidPointer
 0001:00002208       InvokeImplGetter
 0001:00001920       IOResult
 0002:00000D0C       IOwnerDraw
 0002:00000CF4       IRadios
 0002:00000D04       IRTL
 0001:0004B0A4       IsAccel
 0001:00047DB8       IsAccelChar
 0002:00002A0C       IsAppThemed
 0001:00031FD0       IsBeforeTargetWindow
 0001:0000550C       IsChild
 0002:00002048       IsConsole
 0001:0000AF24       IsDelimiter
 0001:0003242C       IsDelphiHandle
 0001:00005514       IsDialogMessage
 0002:00000CFC       ISeparators
 0001:0000551C       IsIconic
 0001:00047E14       IsInitialChar
 0001:00008338       IsLeapYear
 0002:00002034       IsLibrary
 0002:00002049       IsMultiThread
 0001:0003CC48       IsOrientationSet
 0001:0000AEF0       IsPathDelimiter
 0001:00005524       IsRectEmpty
 0001:000321D4       IsSiteChildOfClient
 0002:00002A08       IsThemeActive
 0002:000029B0       IsThemeBackgroundPartiallyTransparent
 0002:00002A18       IsThemeDialogTextureEnabled
 0002:000029AC       IsThemePartDefined
 0001:000123B8       IsUniqueGlobalComponentName
 0002:0000284C       IsUniqueGlobalComponentNameProc
 0001:00006BB4       IsValidIdent
 0001:0000B17C       IsWesternGroup
 0001:0000552C       IsWindow
 0001:00005534       IsWindowEnabled
 0001:0000553C       IsWindowVisible
 0001:00005544       IsZoomed
 0001:00043C08       Iterate
 0001:00043C68       IterateMenus
 0002:0000002C       JITEnable
 0001:0004B058       KeyboardStateToShiftState
 0001:0004B01C       KeyDataToShiftState
 0001:0004AFC8       KeysToShiftState
 0001:0000554C       KillTimer
 0001:000071A4       LastDelimiter
 0001:0000B0A8       LCIDToCodePage
 0001:00004A14       LCIDToCodePage
 0002:0000010C       LeadBytes
 0001:00004FD4       LeaveCriticalSection
 0001:00000370       LeaveCriticalSection
 0002:00000034       LibModuleList
 0001:00005184       LineTo
 0001:00026B70       ListActns
 0001:00032FBC       ListAdd
 0001:00032FE4       ListRemove
 0002:0000274E       ListSeparator
 0001:00005554       LoadBitmap
 0001:0000555C       LoadCursor
 0001:00005564       LoadIcon
 0001:0000556C       LoadKeyboardLayout
 0001:00004FDC       LoadLibrary
 0001:0000028C       LoadLibraryEx
 0001:00004FE4       LoadResource
 0001:0000411C       LoadResourceModule
 0001:000049BC       LoadResString
 0001:00005574       LoadString
 0001:00000294       LoadString
 0001:00004BB8       LocalAlloc
 0001:00000340       LocalAlloc
 0001:00000348       LocalFree
 0001:00009B44       LocalGetLocaleStr
 0002:00002A40       Lock
 0001:00004FEC       LockResource
 0002:00002690       LongDateFormat
 0002:00002724       LongDayNames
 0002:000026D8       LongMonthNames
 0002:000026A4       LongTimeFormat
 0001:000069B8       LowerCase
 0001:00005064       lstrcpy
 0001:0000029C       lstrcpyn
 0002:00002820       LVarTypes
 0002:00002824       LVarTypeSync
 0002:0000202C       MainInstance
 0002:00002030       MainThreadID
 0001:000003D0       MakeEmpty
 0001:00002CB4       MakeErrorMessage
 0001:00055734       makeKey
 0002:00000C10       MakeLast
 0001:0000572C       MakeLong
 0001:000057D4       MakeLParam
 0001:0001925C       MakeObjectInstance
 0001:00005794       MakeROP4
 0001:000057CC       MakeWParam
 0001:0000A608       MapException
 0001:00026AE0       Mapi
 0002:000009BC       MAPIDLL
 0002:000009C0       MAPIModule
 0001:000029BC       MapToRunError
 0001:0000557C       MapVirtualKey
 0001:00005584       MapWindowPoints
 0002:00000C48       Mask
 0001:0000518C       MaskBlt
 0001:00020ADC       Math
 0001:00020AA4       Max
 0001:0004D95C       MaximizedChildren
 0001:00056A80       MD5Init
 0001:00056B34       MD5Result
 0001:00056CBC       MD5Unit
 0001:00056AB4       MD5Update
 0002:0000003C       MemoryManager
 0002:00000C64       MenuKeyCaps
 0001:00048E30       Menus
 0001:00000420       MergeBlockAfter
 0001:00000EEC       MergeCommit
 0001:0000022C       MessageBox
 0001:0000558C       MessageBox
 0001:000059F4       Messages
 0001:00012C50       Min
 0001:00020A9C       Min
 0001:00036868       MinVar
 0002:00002928       MMAvailable
 0002:00000C28       ModeMap
 0001:0004F654       ModifySystemMenu
 0002:000000A4       Module
 0002:00002661       ModuleIsCpp
 0002:00002660       ModuleIsLib
 0001:0001922C       ModuleUnload
 0002:00000038       ModuleUnloadList
 0002:00002904       MonitorFromPoint
 0002:00002900       MonitorFromRect
 0002:000028FC       MonitorFromWindow
 0002:000000DC       MonthDays
 0002:00002B10       Mouse
 0001:00001940       Move
 0001:00005194       MoveToEx
 0001:00033004       MoveWindowOrg
 0001:00004FF4       MulDiv
 0001:000002AC       MultiByteToWideChar
 0002:00000AD4       MultiColumns
 0001:00054CC8       MultiLineWidth
 0001:00021608       MultiMon
 0002:00000ABC       MultiSelects
 0002:00002685       NegCurrFormat
 0001:00000F78       NewCommit
 0001:00000FA4       NewCommitAt
 0002:00002B14       NewStyleControls
 0001:0000AEB4       NextCharIndex
 0001:0003CC2C       NextVisibleZone
 0002:000003E0       NilMethod
 0002:00000030       NoErrMsg
 0001:00044A1C       NormalDraw
 0001:00002574       NotifyAnyExcept
 0001:00002548       NotifyExcept
 0001:000025A8       NotifyExceptFinally
 0001:000124B8       NotifyGlobalLoading
 0001:0000441C       NotifyModuleUnload
 0001:00002524       NotifyNonDelphiException
 0001:00002560       NotifyOnExcept
 0001:00002508       NotifyReRaise
 0001:000025D0       NotifyTerminate
 0001:000025EC       NotifyUnhandled
 0001:00047794       NthParentOf
 0001:0000F318       Null
 0002:0000031C       NullAsStringValue
 0002:00000318       NullStrictConvert
 0001:00031574       ObjectFromHWnd
 0002:00000A80       OEMConverts
 0001:00005594       OemToAnsi
 0001:0000559C       OffsetRect
 0002:0000072C       OpenOptions
 0002:00000784       OpenOptionsEx
 0002:00002978       OpenThemeData
 0002:00000C08       OrientArray
 0002:00000BD4       OuterStyles
 0002:00002794       OutOfMemory
 0001:0001C3A0       OutOfResources
 0002:00002218       Output
 0002:00000320       PackVarCreation
 0002:00001230       PADDING
 0001:0002D8D0       PaintListBox
 0002:000006DC       Pal16
 0001:0001A874       PaletteChanged
 0001:0001CB8C       PaletteFromDIBColorTable
 0001:0001CC30       PaletteToDIBColorTable
 0002:000006D8       PalSize
 0001:0003D010       ParentNotLast
 0002:00000A5C       Passwords
 0001:0000519C       PatBlt
 0002:000028E8       PatternManager
 0001:000055A4       PeekMessage
 0002:000028DC       PenManager
 0002:000006A8       PenModes
 0002:00000688       PenStyles
 0001:000554E8       permutation
 0001:000555A4       permutationChoose1
 0001:0005563C       permutationChoose2
 0001:000113D0       Point
 0001:00004D0C       Point
 0001:00011808       PointerInModule
 0001:00038104       PointsEqual
 0001:000057B4       PointToSmallPoint
 0001:000051A4       Polyline
 0002:00002BA0       PopupList
 0001:000055AC       PostMessage
 0001:000055B4       PostQuitMessage
 0001:000226BC       Printers
 0001:00050D68       ProcessExecute
 0001:0004B2D4       ProcessHorz
 0001:00050E68       ProcessUpdate
 0001:0004B340       ProcessVert
 0001:00015544       PropertyNotFound
 0001:000167AC       PropPathError
 0002:00000D6C       Props
 0001:00015538       PropValueError
 0001:000055BC       PtInRect
 0002:000000A0       PtrToNil
 0001:00007AE0       PutExponent
 0002:00002B58       QualifyingSites
 0001:0000A5C4       RaiseAssertException
 0001:00014558       RaiseException
 0001:000001FC       RaiseException
 0002:00002014       RaiseExceptionProc
 0001:0000B688       RaiseLastOSError
 0001:0003DD80       ReadControlName
 0001:000179EC       ReadCustomVariant
 0001:00015520       ReadError
 0001:00004FFC       ReadFile
 0001:0001CEDC       ReadIcon
 0002:00000A64       ReadOnlys
 0001:000051AC       RealizePalette
 0001:00015D60       Recover
 0001:00004CF0       Rect
 0001:000113F8       Rect
 0001:000051B4       RectVisible
 0001:000055C4       RedrawWindow
 0002:00002818       RefAnyProc
 0002:00002A3C       ReferenceCount
 0001:00004E34       RegCloseKey
 0001:000002B4       RegCloseKey
 0002:0000285C       RegGroups
 0001:000055CC       RegisterClass
 0001:00011FAC       RegisterClass
 0001:000055D4       RegisterClipboardFormat
 0001:00032374       RegisterDockSite
 0001:00012320       RegisterFindGlobalComponentProc
 0001:000121F4       RegisterIntegerConsts
 0001:00004478       RegisterModule
 0001:00021A14       RegisterViewer
 0001:000055DC       RegisterWindowMessage
 0001:00026A74       Registry
 0001:000002BC       RegOpenKeyEx
 0001:00004E3C       RegOpenKeyEx
 0001:000002C4       RegQueryValueEx
 0001:00004E44       RegQueryValueEx
 0001:00023624       RegStr
 0001:000055E4       ReleaseCapture
 0001:000055EC       ReleaseDC
 0002:00000048       reMap
 0002:00002618       remBytes
 0001:00000490       RemoveBlock
 0002:000003BC       RemoveDataModule
 0001:000153F0       RemoveFixupReferences
 0001:0001549C       RemoveFixups
 0001:00015794       RemoveGlobalFixup
 0001:000055F4       RemoveMenu
 0001:000043BC       RemoveModuleUnloadProc
 0001:00004394       RemoveModuleUnloadProc
 0001:000055FC       RemoveProp
 0001:00005004       ResetEvent
 0001:00018004       ResetSyncEvent
 0001:0000142C       ResizeInPlace
 0001:000051BC       RestoreDC
 0001:0004AC74       RestoreFocusState
 0001:000437DC       ReturnAddr
 0001:000133F4       ReturnAddr
 0001:0001277C       ReturnAddr
 0001:0001C90C       RGBQuadToTriple
 0001:0001C8D4       RGBTripleToQuad
 0001:00023574       RichEdit
 0001:000267C0       RightStr
 0002:00002B28       RM_GetObjectInstance
 0002:00002BBC       RM_TaskbarCreated
 0001:000561EC       rot
 0002:00002614       rover
 0002:000009C4       RTFConversionFormat
 0001:0000F55C       RTLConsts
 0001:00000204       RtlUnwind
 0002:00002018       RTLUnwindProc
 0002:0000006C       runErrMsg
 0001:000017D0       RunErrorAt
 0001:0000C668       SafeArrayCreate
 0001:0000C670       SafeArrayGetLBound
 0001:0000C678       SafeArrayGetUBound
 0001:0000C680       SafeArrayPtrOfIndex
 0001:0000BCB0       SafeLoadLibrary
 0001:00006A98       SameText
 0001:000051C4       SaveDC
 0001:0004AC6C       SaveFocusState
 0002:00000FB8       sBox
 0001:000091CC       ScanBlanks
 0001:00009310       ScanChar
 0001:0000948C       ScanDate
 0001:000091F0       ScanNumber
 0001:00009284       ScanString
 0001:000097D0       ScanTime
 0001:00009394       ScanToNumber
 0002:00002BB4       Screen
 0002:00002894       ScreenLogPixels
 0001:00005604       ScreenToClient
 0001:0004B48C       ScrollBarVisible
 0001:0000560C       ScrollWindow
 0001:00000FD8       SearchSmallBlocks
 0001:000051CC       SelectObject
 0001:000051D4       SelectPalette
 0001:00031604       SendAppMessage
 0001:0004AEDC       SendFocusMessage
 0001:00005614       SendMessage
 0002:00000CC8       Separators
 0001:00001980       Set8087CW
 0001:0000561C       SetActiveWindow
 0001:00052778       SetAnimation
 0001:000051DC       SetBkColor
 0001:000051E4       SetBkMode
 0001:000051EC       SetBrushOrgEx
 0001:00005624       SetCapture
 0001:00031898       SetCaptureControl
 0001:0000562C       SetClassLong
 0001:0000EEA4       SetClearVarToEmptyParam
 0001:00015ED0       SetCompName
 0001:000002CC       SetCurrentDirectory
 0001:00005634       SetCursor
 0001:000051F4       SetDIBColorTable
 0001:0000500C       SetEndOfFile
 0001:00005014       SetErrorMode
 0001:0000501C       SetEvent
 0001:00002AFC       SetExceptionHandler
 0001:00005024       SetFilePointer
 0001:0000F9C0       SetFloatProp
 0001:0000563C       SetFocus
 0001:00005644       SetForegroundWindow
 0001:0003FAAC       SetImeMode
 0001:00001854       SetInOutRes
 0001:0000FC44       SetInt64Prop
 0001:0000FC80       SetInterfaceProp
 0001:00016A8C       SetInterfaceReference
 0001:000169A8       SetIntIdent
 0002:00000D40       SetLayeredWindowAttributes
 0001:0000F828       SetLongStrProp
 0001:0000564C       SetMenu
 0001:00005654       SetMenuItemInfo
 0001:0000FC0C       SetMethodProp
 0001:000169F0       SetObjectIdent
 0001:0000F730       SetOrdProp
 0001:0000565C       SetParent
 0001:000051FC       SetPixel
 0001:00005664       SetProp
 0001:0000566C       SetRect
 0001:00005204       SetROP2
 0001:00005674       SetScrollInfo
 0001:0000567C       SetScrollPos
 0001:00005684       SetScrollRange
 0001:0000F78C       SetShortStrProp
 0001:0000F7E0       SetShortStrPropAsLongStr
 0001:0000520C       SetStretchBltMode
 0001:0000F8C0       SetStrProp
 0001:00015CD8       SetSubComponentState
 0001:00005214       SetTextColor
 0002:00002A20       SetThemeAppProperties
 0001:0000502C       SetThreadLocale
 0001:0000568C       SetTimer
 0001:0000EE8C       SetVarAsError
 0001:0000FBCC       SetVariantProp
 0001:00016A30       SetVariantReference
 0001:0000521C       SetViewportOrgEx
 0001:000547D8       SetVisible
 0001:0000F8EC       SetWideStrProp
 0001:0000F868       SetWideStrPropAsLongStr
 0001:00005694       SetWindowLong
 0001:00005224       SetWindowOrgEx
 0001:0000569C       SetWindowPlacement
 0001:000056A4       SetWindowPos
 0001:000056B4       SetWindowsHookEx
 0001:000056AC       SetWindowText
 0002:000029E4       SetWindowTheme
 0002:0000014C       ShareMode
 0001:000235EC       ShellAPI
 0001:000235B4       ShellExecute
 0002:00002AE0       ShellModule
 0001:00023700       ShlObj
 0001:00043804       ShortCut
 0002:00002BA4       ShortCutItems
 0001:00043890       ShortCutToText
 0002:0000268C       ShortDateFormat
 0002:00002708       ShortDayNames
 0002:000026A8       ShortMonthNames
 0002:000026A0       ShortTimeFormat
 0002:00000DA0       ShowCommands
 0002:00000DB8       ShowCommands
 0002:00000DAC       ShowCommands
 0001:000056BC       ShowCursor
 0001:0000A1C4       ShowException
 0002:00000E54       ShowFlags
 0002:00000BBC       ShowFlags
 0001:0004AC7C       ShowMDIClientEdge
 0001:000056C4       ShowOwnedPopups
 0001:000056CC       ShowScrollBar
 0001:000056D4       ShowWindow
 0001:000527A0       ShowWinNoAnimate
 0001:0003F018       ShowZone
 0001:00055568       si
 0002:00000C1C       SizeCursors
 0001:00005034       SizeofResource
 0001:00017520       SkipBinary
 0001:00017550       SkipCollection
 0001:000174F8       SkipList
 0001:0000503C       Sleep
 0001:0000B680       Sleep
 0001:000113E8       SmallPoint
 0001:000057A0       SmallPointToPoint
 0002:00002620       smallTab
 0002:00000AB4       Sorteds
 0002:000025E8       spaceRoot
 0001:00012068       StartClassGroup
 0001:0002E344       StdActns
 0001:0002E1DC       StdCtrls
 0001:00019234       StdWndProc
 0002:0000289C       StockBrush
 0002:000028A0       StockFont
 0002:000028A4       StockIcon
 0002:00002898       StockPen
 0001:00007530       StrAlloc
 0001:00007544       StrBufSize
 0001:0000AC64       StrByteType
 0001:0000AE50       StrCharLength
 0001:0000740C       StrComp
 0001:0000736C       StrCopy
 0001:0000757C       StrDispose
 0001:00041FC0       StreamsEqual
 0001:00007348       StrEnd
 0001:0000522C       StretchBlt
 0001:0000798C       StrFmt
 0001:00007430       StrIComp
 0001:000143F4       StringListCompareStrings
 0001:00048BCC       StripHotkey
 0001:00057E18       StriptECode
 0001:00007394       StrLCopy
 0001:00007330       StrLen
 0001:000079CC       StrLFmt
 0001:00007470       StrLIComp
 0001:0000735C       StrMove
 0001:00007550       StrNew
 0001:0000AE70       StrNextChar
 0001:0000751C       StrPas
 0001:000073C8       StrPCopy
 0001:000073EC       StrPLCopy
 0001:000074C8       StrPos
 0001:000074B4       StrScan
 0001:00006DA0       StrToInt
 0001:00006DDC       StrToIntDef
 0001:00026874       StrUtils
 0002:00000AA0       Styles
 0002:00000D94       Styles
 0002:00002BD0       subKey
 0001:0000BC18       Supports
 0001:0000BBF4       Supports
 0002:00002850       SyncEvent
 0002:000003E8       SyncList
 0001:00022B80       SyncObjs
 0001:000002E4       SysAllocStringLen
 0001:00005D04       SysConst
 0002:00000D5C       SysConsts
 0002:00000D64       SysConsts
 0001:00009A84       SysErrorMessage
 0001:00001288       SysFreeMem
 0001:000002F4       SysFreeString
 0001:000010F8       SysGetMem
 0001:00004CE8       SysInit
 0002:00002740       SysLocale
 0001:00001608       SysReallocMem
 0001:000002EC       SysReAllocStringLen
 0001:00004ADC       System
 0002:0000288C       SystemPalette16
 0001:0001CAF4       SystemPaletteOverride
 0001:000056DC       SystemParametersInfo
 0001:0000C184       SysUtils
 0002:00000ADC       TabStops
 0001:0004095C       TActionLink.IsCaptionLinked
 0001:00040970       TActionLink.IsCheckedLinked
 0001:00040984       TActionLink.IsEnabledLinked
 0001:00040998       TActionLink.IsGroupIndexLinked
 0001:000409AC       TActionLink.IsHelpContextLinked
 0001:000409C0       TActionLink.IsHelpLinked
 0001:000409D4       TActionLink.IsHintLinked
 0001:000409E8       TActionLink.IsImageIndexLinked
 0001:000409FC       TActionLink.IsShortCutLinked
 0001:00040A10       TActionLink.IsVisibleLinked
 0001:00040A24       TActionLink.SetAutoCheck
 0001:00040A28       TActionLink.SetCaption
 0001:00040A2C       TActionLink.SetChecked
 0001:00040A30       TActionLink.SetEnabled
 0001:00040A34       TActionLink.SetGroupIndex
 0001:00040A38       TActionLink.SetHelpContext
 0001:00040A3C       TActionLink.SetHelpKeyword
 0001:00040A40       TActionLink.SetHelpType
 0001:00040A44       TActionLink.SetHint
 0001:00040A48       TActionLink.SetImageIndex
 0001:00040A4C       TActionLink.SetShortCut
 0001:00040A50       TActionLink.SetVisible
 0001:00054D74       TApplication.ActivateHint
 0001:00053938       TApplication.BringToFront
 0001:00054ADC       TApplication.CancelHint
 0001:00052F1C       TApplication.CheckIniChange
 0001:00052C98       TApplication.ControlDestroyed
 0001:000527E0       TApplication.Create
 0001:00053DC8       TApplication.CreateForm
 0001:00052AE8       TApplication.CreateHandle
 0001:000529CC       TApplication.Destroy
 0001:00055144       TApplication.DispatchAction
 0001:000544A8       TApplication.DoActionIdle
 0001:0005450C       TApplication.DoMouseIdle
 0001:00052D68       TApplication.DoNormalizeTopMosts
 0001:000551D4       TApplication.ExecuteAction
 0001:00055108       TApplication.GetCurrentHelpFile
 0001:0005376C       TApplication.GetIconHandle
 0001:00053974       TApplication.GetTitle
 0001:00053F48       TApplication.HandleException
 0001:00053CB4       TApplication.HandleMessage
 0001:00054450       TApplication.HelpCommand
 0001:000543E8       TApplication.HelpContext
 0001:00054380       TApplication.HelpKeyword
 0001:00054A98       TApplication.HideHint
 0001:00054950       TApplication.HintMouseMessage
 0001:00054A60       TApplication.HintTimerExpired
 0001:00053CD8       TApplication.HookMainWindow
 0001:00055280       TApplication.HookSynchronizeWakeup
 0001:000546E0       TApplication.IconChanged
 0001:00054584       TApplication.Idle
 0001:00053DB0       TApplication.Initialize
 0001:00054218       TApplication.InvokeHelp
 0001:00053A50       TApplication.IsDlgMsg
 0001:00053B7C       TApplication.IsHintMsg
 0001:00053AC4       TApplication.IsKeyMsg
 0001:00053A74       TApplication.IsMDIMsg
 0001:00053BB0       TApplication.IsShortCut
 0001:00053FD8       TApplication.MessageBox
 0001:00053788       TApplication.Minimize
 0001:00052E44       TApplication.ModalFinished
 0001:00052E18       TApplication.ModalStarted
 0001:00052E78       TApplication.NormalizeAllTopMosts
 0001:00052E70       TApplication.NormalizeTopMosts
 0001:000546A4       TApplication.NotifyForms
 0001:00053C1C       TApplication.ProcessMessage
 0001:00053838       TApplication.Restore
 0001:00052E80       TApplication.RestoreTopMosts
 0001:00053E48       TApplication.Run
 0001:00054744       TApplication.SetHint
 0001:00054458       TApplication.SetShowHint
 0001:00052F74       TApplication.SettingChange
 0001:000539C0       TApplication.SetTitle
 0001:00054140       TApplication.ShowException
 0001:000548E4       TApplication.StartHintTimer
 0001:00054928       TApplication.StopHintTimer
 0001:00053F34       TApplication.Terminate
 0001:00053D34       TApplication.UnhookMainWindow
 0001:00055290       TApplication.UnhookSynchronizeWakeup
 0001:000551FC       TApplication.UpdateAction
 0001:00054834       TApplication.UpdateVisible
 0001:00052F04       TApplication.UseRightToLeftAlignment
 0001:00052EEC       TApplication.UseRightToLeftReading
 0001:000548BC       TApplication.ValidateHelpSystem
 0001:00055270       TApplication.WakeMainThread
 0001:00053068       TApplication.WndProc
 0002:00000D4C       TaskActiveWindow
 0002:00000D54       TaskFirstTopMost
 0002:00000D50       TaskFirstWindow
 0002:00000D58       TaskWindowList
 0001:00031CE8       TBaseDragControlObject.Assign
 0001:00031CC4       TBaseDragControlObject.Create
 0001:00031D14       TBaseDragControlObject.EndDrag
 0001:00031D40       TBaseDragControlObject.Finished
 0001:00018C38       TBasicAction.Change
 0001:00018AD4       TBasicAction.Create
 0001:00018B18       TBasicAction.Destroy
 0001:00018BA4       TBasicAction.Execute
 0001:00018B74       TBasicAction.ExecuteTarget
 0001:00018B70       TBasicAction.HandlesTarget
 0001:00018B78       TBasicAction.Notification
 0001:00018C4C       TBasicAction.RegisterChanges
 0001:00018C98       TBasicAction.SetActionComponent
 0001:00018BDC       TBasicAction.SetOnExecute
 0001:00018C58       TBasicAction.UnRegisterChanges
 0001:00018BC0       TBasicAction.Update
 0001:00018BA0       TBasicAction.UpdateTarget
 0001:00018A24       TBasicActionLink.AssignClient
 0001:00018A5C       TBasicActionLink.Change
 0001:000189E0       TBasicActionLink.Create
 0001:00018A28       TBasicActionLink.Destroy
 0001:00018A74       TBasicActionLink.Execute
 0001:00018ABC       TBasicActionLink.IsOnExecuteLinked
 0001:00018A90       TBasicActionLink.SetAction
 0001:00018AC0       TBasicActionLink.SetOnExecute
 0001:00018AC8       TBasicActionLink.Update
 0001:0001E84C       TBitmap.Assign
 0001:0001EA20       TBitmap.Changed
 0001:0001E9FC       TBitmap.Changing
 0001:0001E93C       TBitmap.CopyImage
 0001:0001E7A8       TBitmap.Create
 0001:0001E810       TBitmap.Destroy
 0001:0001EEAC       TBitmap.DIBNeeded
 0001:0001EA2C       TBitmap.Dormant
 0001:0001EAA0       TBitmap.Draw
 0001:0001EF20       TBitmap.FreeContext
 0001:0001ECF0       TBitmap.FreeImage
 0001:0001ED70       TBitmap.GetCanvas
 0001:0001ED54       TBitmap.GetEmpty
 0001:0001EDB8       TBitmap.GetHandle
 0001:0001EDDC       TBitmap.GetHandleType
 0001:0001EE08       TBitmap.GetHeight
 0001:0001EE18       TBitmap.GetMaskHandle
 0001:0001EE2C       TBitmap.GetMonochrome
 0001:0001EE48       TBitmap.GetPalette
 0001:0001EE5C       TBitmap.GetTransparentColor
 0001:0001EEA4       TBitmap.GetWidth
 0001:0001EF30       TBitmap.HandleNeeded
 0001:0001F0E8       TBitmap.LoadFromClipboardFormat
 0001:0001F16C       TBitmap.LoadFromStream
 0001:0001EFD0       TBitmap.MaskHandleNeeded
 0001:0001F190       TBitmap.NewImage
 0001:0001F030       TBitmap.PaletteNeeded
 0001:0001F290       TBitmap.ReadData
 0001:0001F2B8       TBitmap.ReadDIB
 0001:0001F820       TBitmap.ReadStream
 0001:0001FF50       TBitmap.SaveToClipboardFormat
 0001:0001FF48       TBitmap.SaveToStream
 0001:0001F890       TBitmap.SetHandle
 0001:0001F954       TBitmap.SetHandleType
 0001:0001FA8C       TBitmap.SetHeight
 0001:0001FAE0       TBitmap.SetMonochrome
 0001:0001FB60       TBitmap.SetPalette
 0001:0001FC34       TBitmap.SetWidth
 0001:0001FC88       TBitmap.WriteData
 0001:0001FC90       TBitmap.WriteStream
 0001:0001DB0C       TBitmapCanvas.Create
 0001:0001DC14       TBitmapCanvas.CreateHandle
 0001:0001DB48       TBitmapCanvas.Destroy
 0001:0001DB74       TBitmapCanvas.FreeContext
 0001:0001DD24       TBitmapImage.Destroy
 0001:0001DD80       TBitmapImage.FreeHandle
 0001:00012C08       TBits.Destroy
 0001:00012C38       TBits.Error
 0001:00012D2C       TBits.OpenBit
 0001:00012D00       TBits.SetBit
 0001:00012C5C       TBits.SetSize
 0001:0001B8AC       TBrush.Assign
 0001:0001B844       TBrush.Create
 0001:0001B884       TBrush.Destroy
 0001:0001B9E4       TBrush.GetColor
 0001:0001B954       TBrush.GetData
 0001:0001BA20       TBrush.GetHandle
 0001:0001BB00       TBrush.GetStyle
 0001:0001B9C0       TBrush.SetBitmap
 0001:0001B9EC       TBrush.SetColor
 0001:0001B970       TBrush.SetData
 0001:0001BB08       TBrush.SetStyle
 0001:0002BEDC       TButton.Click
 0001:0002C064       TButton.CMDialogChar
 0001:0002BFF4       TButton.CMDialogKey
 0001:0002C0E8       TButton.CMFocusChanged
 0001:0002BFE0       TButton.CNCommand
 0001:0002C168       TButton.CNCtlColorBtn
 0001:0002BE78       TButton.Create
 0001:0002BF8C       TButton.CreateParams
 0001:0002BFC8       TButton.CreateWnd
 0001:0002BF04       TButton.SetButtonStyle
 0001:0002BF58       TButton.SetDefault
 0001:0002BF00       TButton.UseRightToLeftAlignment
 0001:0002C13C       TButton.WMEraseBkgnd
 0001:0002BBC4       TButtonActionLink.AssignClient
 0001:0002BBE8       TButtonActionLink.IsCheckedLinked
 0001:0002BC20       TButtonActionLink.SetChecked
 0001:0002BCD8       TButtonControl.ActionChange
 0001:0002BDC8       TButtonControl.CNCtlColorStatic
 0001:0002BC84       TButtonControl.Create
 0001:0002BE40       TButtonControl.CreateParams
 0001:0002BD20       TButtonControl.GetActionLinkClass
 0001:0002BD28       TButtonControl.GetChecked
 0001:0002BD2C       TButtonControl.IsCheckedStored
 0001:0002BD4C       TButtonControl.SetChecked
 0001:0002BE64       TButtonControl.SetWordWrap
 0001:0002BE14       TButtonControl.WMEraseBkGnd
 0001:0002BD50       TButtonControl.WndProc
 0001:0001C338       TCanvas.BrushChanged
 0001:0001C20C       TCanvas.Changed
 0001:0001C1F8       TCanvas.Changing
 0001:0001BC5C       TCanvas.CopyRect
 0001:0001BB3C       TCanvas.Create
 0001:0001C27C       TCanvas.CreateBrush
 0001:0001C220       TCanvas.CreateFont
 0001:0001C12C       TCanvas.CreateHandle
 0001:0001C24C       TCanvas.CreatePen
 0001:0001C0D0       TCanvas.DeselectHandles
 0001:0001BC00       TCanvas.Destroy
 0001:0001BCE4       TCanvas.Draw
 0001:0001BD90       TCanvas.FillRect
 0001:0001C2F8       TCanvas.FontChanged
 0001:0001C0B0       TCanvas.GetHandle
 0001:0001BFF8       TCanvas.GetPenPos
 0001:0001C03C       TCanvas.GetPixel
 0001:0001BDCC       TCanvas.LineTo
 0001:0001BE04       TCanvas.Lock
 0001:0001BE2C       TCanvas.MoveTo
 0001:0001C318       TCanvas.PenChanged
 0001:0001BE58       TCanvas.Polyline
 0001:0001C184       TCanvas.RequiredState
 0001:0001BFEC       TCanvas.SetBrush
 0001:0001BFD0       TCanvas.SetFont
 0001:0001C130       TCanvas.SetHandle
 0001:0001BFE0       TCanvas.SetPen
 0001:0001C01C       TCanvas.SetPenPos
 0001:0001C068       TCanvas.SetPixel
 0001:0001BE90       TCanvas.StretchDraw
 0001:0001BECC       TCanvas.TextExtent
 0001:0001BF2C       TCanvas.TextHeight
 0001:0001BF10       TCanvas.TextWidth
 0001:0001BF4C       TCanvas.TryLock
 0001:0001BFA8       TCanvas.Unlock
 0001:0004282C       TChangeLink.Change
 0001:000427F8       TChangeLink.Destroy
 0001:00011CDC       TClassFinder.Create
 0001:00011E08       TClassFinder.Destroy
 0001:00011E38       TClassFinder.GetClass
 0001:0001302C       TCollection.Add
 0001:0001304C       TCollection.Clear
 0001:00023F68       TCommonDialog.Create
 0001:0002400C       TCommonDialog.DefaultHandler
 0001:00023FB0       TCommonDialog.Destroy
 0001:000241B0       TCommonDialog.DoClose
 0001:000241C4       TCommonDialog.DoShow
 0001:00024044       TCommonDialog.MainWndProc
 0001:00023FE4       TCommonDialog.MessageHook
 0001:000240DC       TCommonDialog.TaskModalDialog
[...]
 0002:00002661       ModuleIsCpp
 0002:00002664       HInstance
 0002:00002668       .1
 0002:0000266C       tlsBuffer
 0002:00002670       .1
 0002:00002674       .3
 0002:00002678       .1
 0002:0000267C       .1
 0002:00002680       CurrencyString
 0002:00002684       CurrencyFormat
 0002:00002685       NegCurrFormat
 0002:00002686       ThousandSeparator
 0002:00002687       DecimalSeparator
 0002:00002688       CurrencyDecimals
 0002:00002689       DateSeparator
 0002:0000268C       ShortDateFormat
 0002:00002690       LongDateFormat
 0002:00002694       TimeSeparator
 0002:00002698       TimeAMString
 0002:0000269C       TimePMString
 0002:000026A0       ShortTimeFormat
 0002:000026A4       LongTimeFormat
 0002:000026A8       ShortMonthNames
 0002:000026D8       LongMonthNames
 0002:00002708       ShortDayNames
 0002:00002724       LongDayNames
 0002:00002740       SysLocale
 0002:0000274E       ListSeparator
 0002:00002750       EraNames
 0002:0000276C       EraYearOffsets
 0002:00002788       TrueBoolStrs
 0002:0000278C       FalseBoolStrs
 0002:00002790       .35
 0002:00002794       OutOfMemory
 0002:00002798       InvalidPointer
 0002:0000279C       FLanguages
 0002:000027A0       VariantChangeTypeEx
 0002:000027A4       VarNeg
 0002:000027A8       VarNot
 0002:000027AC       VarAdd
 0002:000027B0       VarSub
 0002:000027B4       VarMul
 0002:000027B8       VarDiv
 0002:000027BC       VarIDiv
 0002:000027C0       VarMod
 0002:000027C4       VarAnd
 0002:000027C8       VarOr
 0002:000027CC       VarXor
 0002:000027D0       VarCmp
 0002:000027D4       VarI4FromStr
 0002:000027D8       VarR4FromStr
 0002:000027DC       VarR8FromStr
 0002:000027E0       VarDateFromStr
 0002:000027E4       VarCyFromStr
 0002:000027E8       VarBoolFromStr
 0002:000027EC       VarBstrFromCy
 0002:000027F0       VarBstrFromDate
 0002:000027F4       VarBstrFromBool
 0002:000027F8       .5
 0002:000027FC       EmptyParam
 0002:0000280C       VarDispProc
 0002:00002810       ClearAnyProc
 0002:00002814       ChangeAnyProc
 0002:00002818       RefAnyProc
 0002:0000281C       .81
 0002:00002820       LVarTypes
 0002:00002824       LVarTypeSync
 0002:0000283C       .1
 0002:00002840       .6
 0002:00002844       .3
 0002:00002848       GlobalNameSpace
 0002:0000284C       IsUniqueGlobalComponentNameProc
 0002:00002850       SyncEvent
 0002:00002854       .45
 0002:00002858       IntConstList
 0002:0000285C       RegGroups
 0002:00002860       FindGlobalComponentProcs
 0002:00002864       GlobalFixupList
 0002:00002868       ThreadLock
 0002:00002880       InstBlockList
 0002:00002884       InstFreeList
 0002:00002888       .1
 0002:0000288C       SystemPalette16
 0002:00002890       .12
 0002:00002894       ScreenLogPixels
 0002:00002898       StockPen
 0002:0000289C       StockBrush
 0002:000028A0       StockFont
 0002:000028A4       StockIcon
 0002:000028A8       BitmapImageLock
 0002:000028C0       CounterLock
 0002:000028D8       FontManager
 0002:000028DC       PenManager
 0002:000028E0       BrushManager
 0002:000028E4       CanvasList
 0002:000028E8       PatternManager
 0002:000028EC       .2
 0002:000028F0       .21
 0002:000028F4       .1
 0002:000028F8       GetSystemMetrics
 0002:000028FC       MonitorFromWindow
 0002:00002900       MonitorFromRect
 0002:00002904       MonitorFromPoint
 0002:00002908       GetMonitorInfo
 0002:0000290C       GetMonitorInfoA
 0002:00002910       GetMonitorInfoW
 0002:00002914       EnumDisplayMonitors
 0002:00002918       .1
 0002:0000291C       User32Dll
 0002:00002920       InitApis
 0002:00002928       MMAvailable
 0002:0000292C       .1
 0002:00002930       .2
 0002:00002934       HelpManager
 0002:00002938       .3
 0002:0000293C       .3
 0002:00002940       FlatSB_EnableScrollBar
 0002:00002944       FlatSB_ShowScrollBar
 0002:00002948       FlatSB_GetScrollRange
 0002:0000294C       FlatSB_GetScrollInfo
 0002:00002950       FlatSB_GetScrollPos
 0002:00002954       FlatSB_SetScrollPos
 0002:00002958       FlatSB_SetScrollInfo
 0002:0000295C       FlatSB_SetScrollRange
 0002:00002960       .1
 0002:00002964       _FlatSB_GetScrollProp
 0002:00002968       _FlatSB_SetScrollProp
 0002:0000296C       _InitializeFlatSB
 0002:00002970       _UninitializeFlatSB
 0002:00002974       .6
 0002:00002978       OpenThemeData
 0002:0000297C       CloseThemeData
 0002:00002980       DrawThemeBackground
 0002:00002984       DrawThemeText
 0002:00002988       GetThemeBackgroundContentRect
 0002:0000298C       GetThemeBackgroundExtent
 0002:00002990       GetThemePartSize
 0002:00002994       GetThemeTextExtent
 0002:00002998       GetThemeTextMetrics
 0002:0000299C       GetThemeBackgroundRegion
 0002:000029A0       HitTestThemeBackground
 0002:000029A4       DrawThemeEdge
 0002:000029A8       DrawThemeIcon
 0002:000029AC       IsThemePartDefined
 0002:000029B0       IsThemeBackgroundPartiallyTransparent
 0002:000029B4       GetThemeColor
 0002:000029B8       GetThemeMetric
 0002:000029BC       GetThemeString
 0002:000029C0       GetThemeBool
 0002:000029C4       GetThemeInt
 0002:000029C8       GetThemeEnumValue
 0002:000029CC       GetThemePosition
 0002:000029D0       GetThemeFont
 0002:000029D4       GetThemeRect
 0002:000029D8       GetThemeMargins
 0002:000029DC       GetThemeIntList
 0002:000029E0       GetThemePropertyOrigin
 0002:000029E4       SetWindowTheme
 0002:000029E8       GetThemeFilename
 0002:000029EC       GetThemeSysColor
 0002:000029F0       GetThemeSysColorBrush
 0002:000029F4       GetThemeSysBool
 0002:000029F8       GetThemeSysSize
 0002:000029FC       GetThemeSysFont
 0002:00002A00       GetThemeSysString
 0002:00002A04       GetThemeSysInt
 0002:00002A08       IsThemeActive
 0002:00002A0C       IsAppThemed
 0002:00002A10       GetWindowTheme
 0002:00002A14       EnableThemeDialogTexture
 0002:00002A18       IsThemeDialogTextureEnabled
 0002:00002A1C       GetThemeAppProperties
 0002:00002A20       SetThemeAppProperties
 0002:00002A24       GetCurrentThemeName
 0002:00002A28       GetThemeDocumentationProperty
 0002:00002A2C       DrawThemeParentBackground
 0002:00002A30       EnableTheming
 0002:00002A34       .1
 0002:00002A38       ThemeLibrary
 0002:00002A3C       ReferenceCount
 0002:00002A40       Lock
 0002:00002A44       .1
 0002:00002A48       .4
 0002:00002A4C       .1
 0002:00002A50       .1
 0002:00002A54       .1
 0002:00002A58       .1
 0002:00002A5C       .1
 0002:00002A60       .1
 0002:00002A64       .1
 0002:00002A68       .11
 0002:00002A6C       HelpMsg
 0002:00002A70       FindMsg
 0002:00002A74       .12
 0002:00002A78       .1
 0002:00002A7C       CF_PICTURE
 0002:00002A7E       CF_COMPONENT
 0002:00002A80       .2
 0002:00002A84       FClipboard
 0002:00002A88       .1
 0002:00002A8C       .4
 0002:00002A90       BitBtnGlyphs
 0002:00002ABC       .3
 0002:00002AC0       .8
 0002:00002AC4       .5
 0002:00002AC8       .1
 0002:00002ACC       .72
 0002:00002AD0       UrlMonHandle
 0002:00002AD4       UrlMonInitialized
 0002:00002AD8       .8
 0002:00002ADC       .36
 0002:00002AE0       ShellModule
 0002:00002AE4       FRichEditModule
 0002:00002AE8       ComCtlVersion
 0002:00002AEC       .2
 0002:00002AF0       InternalServices
 0002:00002AF4       .42
 0002:00002AF8       .73
 0002:00002AFC       WinHelpTester
 0002:00002B00       ViewerName
 0002:00002B04       .1
 0002:00002B08       HelpViewer
 0002:00002B0C       HelpViewerIntf
 0002:00002B10       Mouse
 0002:00002B14       NewStyleControls
 0002:00002B18       .72
 0002:00002B1C       WindowAtom
 0002:00002B1E       ControlAtom
 0002:00002B20       WindowAtomString
 0002:00002B24       ControlAtomString
 0002:00002B28       RM_GetObjectInstance
 0002:00002B2C       DragControl
 0002:00002B30       DragObject
 0002:00002B34       DragInternalObject
 0002:00002B38       DragCapture
 0002:00002B3C       DragStartPos
 0002:00002B44       DragSaveCursor
 0002:00002B48       DragThreshold
 0002:00002B4C       ActiveDrag
 0002:00002B50       DragImageList
 0002:00002B54       DockSiteList
 0002:00002B58       QualifyingSites
 0002:00002B5C       DragSave
 0002:00002B60       CanvasList
 0002:00002B64       _WINNLSEnableIME
 0002:00002B68       _ImmGetContext
 0002:00002B6C       _ImmReleaseContext
 0002:00002B70       _ImmGetConversionStatus
 0002:00002B74       _ImmSetConversionStatus
 0002:00002B78       _ImmSetOpenStatus
 0002:00002B7C       _ImmSetCompositionWindow
 0002:00002B80       _ImmSetCompositionFont
 0002:00002B84       _ImmGetCompositionString
 0002:00002B88       _ImmIsIME
 0002:00002B8C       _ImmNotifyIME
 0002:00002B90       .8
 0002:00002B94       .3
 0002:00002B98       CachedComCtrlVer
 0002:00002B9C       ImageListWriteExProc
 0002:00002BA0       PopupList
 0002:00002BA4       ShortCutItems
 0002:00002BA8       .9
 0002:00002BAC       CommandPool
 0002:00002BB0       Application
 0002:00002BB4       Screen
 0002:00002BB8       .41
 0002:00002BBC       RM_TaskbarCreated
 0002:00002BC0       HintThreadID
 0002:00002BC4       HintDoneEvent
 0002:00002BC8       HintHook
 0002:00002BCC       HintThread
 0002:00002BD0       subKey
 0002:00003210       .1
 0002:00003214       .1
 0002:00003218       .1
 0002:0000321C       Form1
 0002:00003220       Dirs
 0002:00003224       .2


Line numbers for DES(..\SDK\DES.pas) segment .text

   115 0001:00055350   116 0001:00055358   117 0001:00055366   118 0001:0005536D
   119 0001:00055399   117 0001:000553B5   120 0001:000553BA   121 0001:000553CC
   127 0001:000553D4   128 0001:000553DC   129 0001:000553EA   130 0001:000553F1
   131 0001:0005541D   129 0001:00055439   132 0001:0005543E   133 0001:00055450
   138 0001:00055458   139 0001:00055478   140 0001:00055487   141 0001:0005548E
   142 0001:000554B3   140 0001:000554D4   143 0001:000554D9   149 0001:000554E8
   150 0001:000554EE   151 0001:000554FC   152 0001:00055503   153 0001:0005552F
   151 0001:0005554B   154 0001:00055550   155 0001:00055562   160 0001:00055568
   161 0001:00055569   163 0001:00055587   164 0001:000555A1   170 0001:000555A4
   171 0001:000555C4   172 0001:000555D3   173 0001:000555DA   174 0001:00055609
   172 0001:00055628   175 0001:0005562D   181 0001:0005563C   182 0001:0005565C
   183 0001:0005566B   184 0001:00055672   185 0001:000556A1   183 0001:000556C0
   186 0001:000556C5   191 0001:000556D4   192 0001:000556D5   193 0001:000556DF
   194 0001:000556EF   195 0001:00055701   196 0001:00055713   197 0001:0005572B
   192 0001:0005572E   199 0001:00055731   211 0001:00055734   212 0001:00055755
   214 0001:0005575E   215 0001:0005576A   216 0001:0005577C   217 0001:0005578E
   218 0001:000557A0   219 0001:000557A6   220 0001:000557AC   221 0001:000557B2
   223 0001:000557B8   224 0001:000557C5   225 0001:000557D4   226 0001:000557E3
   227 0001:000557F8   228 0001:00055808   229 0001:0005581D   230 0001:00055826
   231 0001:0005582C   232 0001:00055832   233 0001:00055838   234 0001:00055849
   223 0001:0005584D   235 0001:00055854   243 0001:00055864   244 0001:00055894
   245 0001:0005589E   246 0001:000558B2   247 0001:000558BF   248 0001:000558D3
   249 0001:000558E8   250 0001:000558ED   251 0001:000558FA   252 0001:0005590C
   253 0001:00055921   254 0001:00055929   255 0001:00055940   256 0001:0005595C
   257 0001:00055969   258 0001:0005597D   266 0001:0005598C   267 0001:000559AC
   268 0001:000559C4   269 0001:000559CF   270 0001:000559D7   271 0001:000559E5
   272 0001:000559F9   273 0001:00055A0D   274 0001:00055A25   275 0001:00055A42
   270 0001:00055A46   277 0001:00055A4B   278 0001:00055A62   279 0001:00055A73
   281 0001:00055A8C   282 0001:00055A95   283 0001:00055AA1   284 0001:00055AB5
   285 0001:00055AC9   286 0001:00055ADE   287 0001:00055B03   282 0001:00055B06
   288 0001:00055B0B   289 0001:00055B22   290 0001:00055B33   292 0001:00055B47
   293 0001:00055B52   302 0001:00055B64   303 0001:00055B9B   304 0001:00055BB9
   305 0001:00055BCF   306 0001:00055BDE   307 0001:00055BFA   309 0001:00055C1F
   310 0001:00055C33   312 0001:00055C47   314 0001:00055C4F   315 0001:00055C71
   316 0001:00055C76   315 0001:00055C88   317 0001:00055C8D   318 0001:00055CA2
   319 0001:00055CAA   318 0001:00055CC0   320 0001:00055CC3   314 0001:00055CC6
   322 0001:00055CCB   323 0001:00055D08   330 0001:00055D48   331 0001:00055D7F
   332 0001:00055D8E   334 0001:00055DA8   335 0001:00055DBC   337 0001:00055DD0
   339 0001:00055DD8   340 0001:00055DFA   341 0001:00055E16   342 0001:00055E2B
   343 0001:00055E33   342 0001:00055E49   344 0001:00055E4C   339 0001:00055E4F
   347 0001:00055E56   345 0001:00055E6D   348 0001:00055E8B   349 0001:00055EC8
   357 0001:00055EDC   358 0001:00055F16   359 0001:00055F24   360 0001:00055F2C
   361 0001:00055F3E   362 0001:00055F5F   363 0001:00055F7A   364 0001:00055F85
   360 0001:00055F86   365 0001:00055F89   366 0001:00055FB5   373 0001:00055FD4
   374 0001:00055FF3   375 0001:00055FF5   376 0001:00056007   377 0001:0005600D
   378 0001:00056015   379 0001:00056028   380 0001:00056030   381 0001:00056046
   382 0001:0005604E   383 0001:00056064   384 0001:0005607A   375 0001:0005607B
   385 0001:0005607E   386 0001:0005609D   391 0001:000560C4   392 0001:000560FA
   393 0001:00056102   394 0001:0005611B   395 0001:00056131   396 0001:0005614E
   393 0001:0005614F   397 0001:00056152   398 0001:00056181   400 0001:000561B8
   400 0001:000561BF

Line numbers for MD5Unit(..\SDK\MD5Unit.pas) segment .text

    55 0001:000561C0    56 0001:000561CA    60 0001:000561CC    61 0001:000561D4
    65 0001:000561D8    66 0001:000561DE    70 0001:000561E0    71 0001:000561E8
    74 0001:000561EC    75 0001:000561ED    76 0001:00056208    79 0001:0005620C
    80 0001:00056218    81 0001:0005622C    82 0001:00056236    83 0001:00056238
    86 0001:00056240    87 0001:0005624C    88 0001:00056260    89 0001:0005626A
    90 0001:0005626C    93 0001:00056274    94 0001:00056280    95 0001:00056294
    96 0001:0005629E    97 0001:000562A0   100 0001:000562A8   101 0001:000562B4
   102 0001:000562C8   103 0001:000562D2   104 0001:000562D4   111 0001:000562DC
   114 0001:000562DD   115 0001:000562E4   116 0001:000562EA   117 0001:000562EB
   118 0001:000562F4   119 0001:000562F5   120 0001:000562FE   121 0001:000562FF
   122 0001:00056308   123 0001:00056309   114 0001:0005630C   125 0001:0005630F
   132 0001:00056314   133 0001:00056315   134 0001:00056317   135 0001:00056319
   136 0001:0005631F   137 0001:00056326   138 0001:00056327   139 0001:00056331
   140 0001:00056332   141 0001:0005633C   142 0001:0005633D   143 0001:00056347
   144 0001:00056348   135 0001:0005634B   146 0001:0005634E   152 0001:00056350
   153 0001:0005636E   154 0001:0005637F   155 0001:00056387   156 0001:00056390
   157 0001:00056399   158 0001:000563A3   159 0001:000563BE   160 0001:000563D8
   161 0001:000563F3   162 0001:0005640E   163 0001:00056429   164 0001:00056443
   165 0001:0005645E   166 0001:00056479   167 0001:00056494   168 0001:000564AE
   169 0001:000564C9   170 0001:000564E4   171 0001:000564FF   172 0001:00056519
   173 0001:00056534   174 0001:0005654F   175 0001:0005656A   176 0001:00056584
   177 0001:0005659F   178 0001:000565BA   179 0001:000565D5   180 0001:000565EF
   181 0001:0005660A   182 0001:00056625   183 0001:00056640   184 0001:0005665A
   185 0001:00056675   186 0001:00056690   187 0001:000566AB   188 0001:000566C5
   189 0001:000566E0   190 0001:000566FB   191 0001:00056716   192 0001:00056730
   193 0001:0005674B   194 0001:00056766   195 0001:00056781   196 0001:0005679B
   197 0001:000567B6   198 0001:000567D1   199 0001:000567EC   200 0001:00056806
   201 0001:00056821   202 0001:0005683C   203 0001:00056857   204 0001:00056871
   205 0001:0005688C   206 0001:000568A7   207 0001:000568C2   208 0001:000568DC
   209 0001:000568F7   210 0001:00056912   211 0001:0005692D   212 0001:00056947
   213 0001:00056962   214 0001:0005697D   215 0001:00056998   216 0001:000569B2
   217 0001:000569CD   218 0001:000569E8   219 0001:00056A03   220 0001:00056A1D
   221 0001:00056A38   222 0001:00056A53   223 0001:00056A5B   224 0001:00056A64
   225 0001:00056A6D   226 0001:00056A77   231 0001:00056A80   232 0001:00056A86
   233 0001:00056A8D   234 0001:00056A94   235 0001:00056A9B   236 0001:00056AA0
   237 0001:00056AA5   239 0001:00056AB2   246 0001:00056AB4   248 0001:00056ABE
   249 0001:00056AC7   250 0001:00056ACF   251 0001:00056AD7   253 0001:00056ADF
   254 0001:00056AE6   255 0001:00056AEA   256 0001:00056AF7   257 0001:00056B01
   259 0001:00056B03   260 0001:00056B0E   258 0001:00056B11   262 0001:00056B18
   263 0001:00056B1C   264 0001:00056B1E   265 0001:00056B2F   272 0001:00056B34
   273 0001:00056B3D   274 0001:00056B4C   275 0001:00056B55   276 0001:00056B6E
   277 0001:00056B7B   278 0001:00056B89   279 0001:00056B97   280 0001:00056BA3
   290 0001:00056BA8   291 0001:00056BD4   292 0001:00056BDB   293 0001:00056BE3
   294 0001:00056BFF   295 0001:00056C0A   296 0001:00056C0F   295 0001:00056C55
   297 0001:00056C83   357 0001:00056CBC   357 0001:00056CC3

Line numbers for FrmMain(FrmMain.pas) segment .text

    94 0001:00057040    95 0001:00057064    96 0001:00057072    97 0001:00057081
    98 0001:00057090    99 0001:0005709E   100 0001:000570D7   101 0001:000570FF
   102 0001:00057119   103 0001:00057129   104 0001:00057131   105 0001:0005713C
   106 0001:00057140   107 0001:00057148   108 0001:0005715E   109 0001:0005716B
   110 0001:00057173   111 0001:00057191   112 0001:000571A6   114 0001:000571C1
   118 0001:000571D9   121 0001:0005720B   126 0001:0005720F   128 0001:00057228
   107 0001:00057229   129 0001:00057230   131 0001:00057241   100 0001:00057244
   132 0001:0005724D   134 0001:00057272   135 0001:0005727A   138 0001:00057299
   139 0001:000572FA   148 0001:00057330   149 0001:00057353   150 0001:00057361
   151 0001:00057370   152 0001:0005737F   153 0001:0005738D   154 0001:000573B5
   155 0001:000573CF   156 0001:000573DF   157 0001:000573E7   158 0001:000573F2
   159 0001:000573F6   160 0001:000573FE   161 0001:00057419   162 0001:00057427
   163 0001:0005742D   164 0001:0005744B   165 0001:00057464   168 0001:00057484
   173 0001:0005748A   174 0001:00057498   175 0001:000574D1   177 0001:000574E4
   181 0001:000574F2   182 0001:00057500   184 0001:00057528   187 0001:00057534
   160 0001:00057537   188 0001:0005753E   190 0001:0005754F   153 0001:00057552
   191 0001:0005755B   193 0001:00057580   194 0001:00057588   197 0001:000575A7
   198 0001:000575F3   202 0001:00057628   203 0001:00057639   208 0001:0005763C
   209 0001:0005765B   210 0001:00057664   211 0001:0005766F   212 0001:00057686
   213 0001:000576AB   211 0001:000576AE   216 0001:000576CE   219 0001:000576D8
   220 0001:000576DC   221 0001:000576ED   223 0001:0005770A   229 0001:00057710
   230 0001:0005772E   231 0001:0005774C   232 0001:00057765   233 0001:00057781
   234 0001:000577AA   236 0001:000577C2   230 0001:000577C3   237 0001:000577C6
   238 0001:00057800   244 0001:00057834   245 0001:00057851   246 0001:0005786C
   247 0001:0005788A   248 0001:000578A3   249 0001:000578BB   246 0001:000578BC
   250 0001:000578BF   252 0001:000578F9   255 0001:0005795C   256 0001:00057972
   257 0001:00057999   258 0001:000579CE   261 0001:00057A24   269 0001:00057A3E
   270 0001:00057A53   271 0001:00057A83   272 0001:00057AA2   274 0001:00057AEB
   277 0001:00057B14   278 0001:00057B2B   279 0001:00057B3C   286 0001:00057BA0
   288 0001:00057BF0   288 0001:00057BF7

Line numbers for StriptECode(Z:\Source\脚本加密工具\StriptECode.dpr) segment .text

    11 0001:00057E18    12 0001:00057E28    13 0001:00057E34    14 0001:00057E45
    15 0001:00057E5D    16 0001:00057E69

Bound resource files

c:\program files\borland\delphi7\Lib\Buttons.res
c:\program files\borland\delphi7\Lib\ExtDlgs.res
c:\program files\borland\delphi7\Lib\Controls.res
FrmMain.dfm
StriptECode.res
StriptECode.drf


Program entry point at 0001:00057E18
